Archive member included to satisfy reference by file (symbol)

C:/ST/STM32CubeIDE_1.13.0/STM32CubeIDE/plugins/com.st.stm32cube.ide.mcu.externaltools.gnu-tools-for-stm32.11.3.rel1.win32_1.1.1.202309131626/tools/bin/../lib/gcc/arm-none-eabi/11.3.1/../../../../arm-none-eabi/lib/thumb/v7e-m+fp/hard\libc_nano.a(libc_a-exit.o)
                              C:/ST/STM32CubeIDE_1.13.0/STM32CubeIDE/plugins/com.st.stm32cube.ide.mcu.externaltools.gnu-tools-for-stm32.11.3.rel1.win32_1.1.1.202309131626/tools/bin/../lib/gcc/arm-none-eabi/11.3.1/../../../../arm-none-eabi/lib/thumb/v7e-m+fp/hard/crt0.o (exit)
C:/ST/STM32CubeIDE_1.13.0/STM32CubeIDE/plugins/com.st.stm32cube.ide.mcu.externaltools.gnu-tools-for-stm32.11.3.rel1.win32_1.1.1.202309131626/tools/bin/../lib/gcc/arm-none-eabi/11.3.1/../../../../arm-none-eabi/lib/thumb/v7e-m+fp/hard\libc_nano.a(libc_a-findfp.o)
                              C:/ST/STM32CubeIDE_1.13.0/STM32CubeIDE/plugins/com.st.stm32cube.ide.mcu.externaltools.gnu-tools-for-stm32.11.3.rel1.win32_1.1.1.202309131626/tools/bin/../lib/gcc/arm-none-eabi/11.3.1/../../../../arm-none-eabi/lib/thumb/v7e-m+fp/hard\libc_nano.a(libc_a-exit.o) (__stdio_exit_handler)
C:/ST/STM32CubeIDE_1.13.0/STM32CubeIDE/plugins/com.st.stm32cube.ide.mcu.externaltools.gnu-tools-for-stm32.11.3.rel1.win32_1.1.1.202309131626/tools/bin/../lib/gcc/arm-none-eabi/11.3.1/../../../../arm-none-eabi/lib/thumb/v7e-m+fp/hard\libc_nano.a(libc_a-fwalk.o)
                              C:/ST/STM32CubeIDE_1.13.0/STM32CubeIDE/plugins/com.st.stm32cube.ide.mcu.externaltools.gnu-tools-for-stm32.11.3.rel1.win32_1.1.1.202309131626/tools/bin/../lib/gcc/arm-none-eabi/11.3.1/../../../../arm-none-eabi/lib/thumb/v7e-m+fp/hard\libc_nano.a(libc_a-findfp.o) (_fwalk_sglue)
C:/ST/STM32CubeIDE_1.13.0/STM32CubeIDE/plugins/com.st.stm32cube.ide.mcu.externaltools.gnu-tools-for-stm32.11.3.rel1.win32_1.1.1.202309131626/tools/bin/../lib/gcc/arm-none-eabi/11.3.1/../../../../arm-none-eabi/lib/thumb/v7e-m+fp/hard\libc_nano.a(libc_a-stdio.o)
                              C:/ST/STM32CubeIDE_1.13.0/STM32CubeIDE/plugins/com.st.stm32cube.ide.mcu.externaltools.gnu-tools-for-stm32.11.3.rel1.win32_1.1.1.202309131626/tools/bin/../lib/gcc/arm-none-eabi/11.3.1/../../../../arm-none-eabi/lib/thumb/v7e-m+fp/hard\libc_nano.a(libc_a-findfp.o) (__sread)
C:/ST/STM32CubeIDE_1.13.0/STM32CubeIDE/plugins/com.st.stm32cube.ide.mcu.externaltools.gnu-tools-for-stm32.11.3.rel1.win32_1.1.1.202309131626/tools/bin/../lib/gcc/arm-none-eabi/11.3.1/../../../../arm-none-eabi/lib/thumb/v7e-m+fp/hard\libc_nano.a(libc_a-memcmp.o)
                              ./Middlewares/Third_Party/SEGGER/OS/SEGGER_SYSVIEW_FreeRTOS.o (memcmp)
C:/ST/STM32CubeIDE_1.13.0/STM32CubeIDE/plugins/com.st.stm32cube.ide.mcu.externaltools.gnu-tools-for-stm32.11.3.rel1.win32_1.1.1.202309131626/tools/bin/../lib/gcc/arm-none-eabi/11.3.1/../../../../arm-none-eabi/lib/thumb/v7e-m+fp/hard\libc_nano.a(libc_a-memset.o)
                              C:/ST/STM32CubeIDE_1.13.0/STM32CubeIDE/plugins/com.st.stm32cube.ide.mcu.externaltools.gnu-tools-for-stm32.11.3.rel1.win32_1.1.1.202309131626/tools/bin/../lib/gcc/arm-none-eabi/11.3.1/../../../../arm-none-eabi/lib/thumb/v7e-m+fp/hard/crt0.o (memset)
C:/ST/STM32CubeIDE_1.13.0/STM32CubeIDE/plugins/com.st.stm32cube.ide.mcu.externaltools.gnu-tools-for-stm32.11.3.rel1.win32_1.1.1.202309131626/tools/bin/../lib/gcc/arm-none-eabi/11.3.1/../../../../arm-none-eabi/lib/thumb/v7e-m+fp/hard\libc_nano.a(libc_a-closer.o)
                              C:/ST/STM32CubeIDE_1.13.0/STM32CubeIDE/plugins/com.st.stm32cube.ide.mcu.externaltools.gnu-tools-for-stm32.11.3.rel1.win32_1.1.1.202309131626/tools/bin/../lib/gcc/arm-none-eabi/11.3.1/../../../../arm-none-eabi/lib/thumb/v7e-m+fp/hard\libc_nano.a(libc_a-stdio.o) (_close_r)
C:/ST/STM32CubeIDE_1.13.0/STM32CubeIDE/plugins/com.st.stm32cube.ide.mcu.externaltools.gnu-tools-for-stm32.11.3.rel1.win32_1.1.1.202309131626/tools/bin/../lib/gcc/arm-none-eabi/11.3.1/../../../../arm-none-eabi/lib/thumb/v7e-m+fp/hard\libc_nano.a(libc_a-reent.o)
                              C:/ST/STM32CubeIDE_1.13.0/STM32CubeIDE/plugins/com.st.stm32cube.ide.mcu.externaltools.gnu-tools-for-stm32.11.3.rel1.win32_1.1.1.202309131626/tools/bin/../lib/gcc/arm-none-eabi/11.3.1/../../../../arm-none-eabi/lib/thumb/v7e-m+fp/hard\libc_nano.a(libc_a-closer.o) (errno)
C:/ST/STM32CubeIDE_1.13.0/STM32CubeIDE/plugins/com.st.stm32cube.ide.mcu.externaltools.gnu-tools-for-stm32.11.3.rel1.win32_1.1.1.202309131626/tools/bin/../lib/gcc/arm-none-eabi/11.3.1/../../../../arm-none-eabi/lib/thumb/v7e-m+fp/hard\libc_nano.a(libc_a-impure.o)
                              C:/ST/STM32CubeIDE_1.13.0/STM32CubeIDE/plugins/com.st.stm32cube.ide.mcu.externaltools.gnu-tools-for-stm32.11.3.rel1.win32_1.1.1.202309131626/tools/bin/../lib/gcc/arm-none-eabi/11.3.1/../../../../arm-none-eabi/lib/thumb/v7e-m+fp/hard\libc_nano.a(libc_a-reent.o) (_impure_ptr)
[...]
Memory Configuration

Name             Origin             Length             Attributes
CCMRAM           0x0000000010000000 0x0000000000010000 xrw
RAM              0x0000000020000000 0x0000000000020000 xrw
FLASH            0x0000000008000000 0x0000000000100000 xr
*default*        0x0000000000000000 0xffffffffffffffff

Linker script and memory map

LOAD C:/ST/STM32CubeIDE_1.13.0/STM32CubeIDE/plugins/com.st.stm32cube.ide.mcu.externaltools.gnu-tools-for-stm32.11.3.rel1.win32_1.1.1.202309131626/tools/bin/../lib/gcc/arm-none-eabi/11.3.1/thumb/v7e-m+fp/hard/crti.o
LOAD C:/ST/STM32CubeIDE_1.13.0/STM32CubeIDE/plugins/com.st.stm32cube.ide.mcu.externaltools.gnu-tools-for-stm32.11.3.rel1.win32_1.1.1.202309131626/tools/bin/../lib/gcc/arm-none-eabi/11.3.1/thumb/v7e-m+fp/hard/crtbegin.o
LOAD C:/ST/STM32CubeIDE_1.13.0/STM32CubeIDE/plugins/com.st.stm32cube.ide.mcu.externaltools.gnu-tools-for-stm32.11.3.rel1.win32_1.1.1.202309131626/tools/bin/../lib/gcc/arm-none-eabi/11.3.1/../../../../arm-none-eabi/lib/thumb/v7e-m+fp/hard/crt0.o
LOAD ./Core/Src/freertos.o
LOAD ./Core/Src/main.o
LOAD ./Core/Src/stm32f4xx_hal_msp.o
LOAD ./Core/Src/stm32f4xx_it.o
LOAD ./Core/Src/syscalls.o
LOAD ./Core/Src/sysmem.o
LOAD ./Core/Src/system_stm32f4xx.o
LOAD ./Core/Startup/startup_stm32f407vgtx.o
LOAD ./Drivers/STM32F4xx_HAL_Driver/Src/stm32f4xx_hal.o
LOAD ./Drivers/STM32F4xx_HAL_Driver/Src/stm32f4xx_hal_cortex.o
LOAD ./Drivers/STM32F4xx_HAL_Driver/Src/stm32f4xx_hal_dma.o
LOAD ./Drivers/STM32F4xx_HAL_Driver/Src/stm32f4xx_hal_dma_ex.o
LOAD ./Drivers/STM32F4xx_HAL_Driver/Src/stm32f4xx_hal_exti.o
LOAD ./Drivers/STM32F4xx_HAL_Driver/Src/stm32f4xx_hal_flash.o
LOAD ./Drivers/STM32F4xx_HAL_Driver/Src/stm32f4xx_hal_flash_ex.o
LOAD ./Drivers/STM32F4xx_HAL_Driver/Src/stm32f4xx_hal_flash_ramfunc.o
LOAD ./Drivers/STM32F4xx_HAL_Driver/Src/stm32f4xx_hal_gpio.o
LOAD ./Drivers/STM32F4xx_HAL_Driver/Src/stm32f4xx_hal_pwr.o
LOAD ./Drivers/STM32F4xx_HAL_Driver/Src/stm32f4xx_hal_pwr_ex.o
LOAD ./Drivers/STM32F4xx_HAL_Driver/Src/stm32f4xx_hal_rcc.o
LOAD ./Drivers/STM32F4xx_HAL_Driver/Src/stm32f4xx_hal_rcc_ex.o
LOAD ./Drivers/STM32F4xx_HAL_Driver/Src/stm32f4xx_hal_tim.o
LOAD ./Drivers/STM32F4xx_HAL_Driver/Src/stm32f4xx_hal_tim_ex.o
LOAD ./Middlewares/Third_Party/FreeRTOS/org/Source/CMSIS_RTOS_V2/cmsis_os2.o
LOAD ./Middlewares/Third_Party/FreeRTOS/org/Source/croutine.o
LOAD ./Middlewares/Third_Party/FreeRTOS/org/Source/event_groups.o
LOAD ./Middlewares/Third_Party/FreeRTOS/org/Source/list.o
LOAD ./Middlewares/Third_Party/FreeRTOS/org/Source/queue.o
LOAD ./Middlewares/Third_Party/FreeRTOS/org/Source/stream_buffer.o
LOAD ./Middlewares/Third_Party/FreeRTOS/org/Source/tasks.o
LOAD ./Middlewares/Third_Party/FreeRTOS/org/Source/timers.o
LOAD ./Middlewares/Third_Party/FreeRTOS/org/Source/portable/GCC/ARM_CM4F/port.o
LOAD ./Middlewares/Third_Party/FreeRTOS/org/Source/portable/MemMang/heap_4.o
LOAD ./Middlewares/Third_Party/SEGGER/Config/SEGGER_SYSVIEW_Config_FreeRTOS.o
LOAD ./Middlewares/Third_Party/SEGGER/OS/SEGGER_SYSVIEW_FreeRTOS.o
LOAD ./Middlewares/Third_Party/SEGGER/SEGGER/SEGGER_RTT.o
LOAD ./Middlewares/Third_Party/SEGGER/SEGGER/SEGGER_SYSVIEW.o
START GROUP
LOAD C:/ST/STM32CubeIDE_1.13.0/STM32CubeIDE/plugins/com.st.stm32cube.ide.mcu.externaltools.gnu-tools-for-stm32.11.3.rel1.win32_1.1.1.202309131626/tools/bin/../lib/gcc/arm-none-eabi/11.3.1/../../../../arm-none-eabi/lib/thumb/v7e-m+fp/hard\libc_nano.a
LOAD C:/ST/STM32CubeIDE_1.13.0/STM32CubeIDE/plugins/com.st.stm32cube.ide.mcu.externaltools.gnu-tools-for-stm32.11.3.rel1.win32_1.1.1.202309131626/tools/bin/../lib/gcc/arm-none-eabi/11.3.1/../../../../arm-none-eabi/lib/thumb/v7e-m+fp/hard\libm.a
END GROUP
START GROUP
LOAD C:/ST/STM32CubeIDE_1.13.0/STM32CubeIDE/plugins/com.st.stm32cube.ide.mcu.externaltools.gnu-tools-for-stm32.11.3.rel1.win32_1.1.1.202309131626/tools/bin/../lib/gcc/arm-none-eabi/11.3.1/thumb/v7e-m+fp/hard\libgcc.a
LOAD C:/ST/STM32CubeIDE_1.13.0/STM32CubeIDE/plugins/com.st.stm32cube.ide.mcu.externaltools.gnu-tools-for-stm32.11.3.rel1.win32_1.1.1.202309131626/tools/bin/../lib/gcc/arm-none-eabi/11.3.1/../../../../arm-none-eabi/lib/thumb/v7e-m+fp/hard\libc_nano.a
END GROUP
START GROUP
LOAD C:/ST/STM32CubeIDE_1.13.0/STM32CubeIDE/plugins/com.st.stm32cube.ide.mcu.externaltools.gnu-tools-for-stm32.11.3.rel1.win32_1.1.1.202309131626/tools/bin/../lib/gcc/arm-none-eabi/11.3.1/thumb/v7e-m+fp/hard\libgcc.a
LOAD C:/ST/STM32CubeIDE_1.13.0/STM32CubeIDE/plugins/com.st.stm32cube.ide.mcu.externaltools.gnu-tools-for-stm32.11.3.rel1.win32_1.1.1.202309131626/tools/bin/../lib/gcc/arm-none-eabi/11.3.1/../../../../arm-none-eabi/lib/thumb/v7e-m+fp/hard\libc_nano.a
LOAD C:/ST/STM32CubeIDE_1.13.0/STM32CubeIDE/plugins/com.st.stm32cube.ide.mcu.externaltools.gnu-tools-for-stm32.11.3.rel1.win32_1.1.1.202309131626/tools/bin/../lib/gcc/arm-none-eabi/11.3.1/../../../../arm-none-eabi/lib/thumb/v7e-m+fp/hard\libnosys.a
END GROUP
START GROUP
LOAD C:/ST/STM32CubeIDE_1.13.0/STM32CubeIDE/plugins/com.st.stm32cube.ide.mcu.externaltools.gnu-tools-for-stm32.11.3.rel1.win32_1.1.1.202309131626/tools/bin/../lib/gcc/arm-none-eabi/11.3.1/thumb/v7e-m+fp/hard\libgcc.a
LOAD C:/ST/STM32CubeIDE_1.13.0/STM32CubeIDE/plugins/com.st.stm32cube.ide.mcu.externaltools.gnu-tools-for-stm32.11.3.rel1.win32_1.1.1.202309131626/tools/bin/../lib/gcc/arm-none-eabi/11.3.1/../../../../arm-none-eabi/lib/thumb/v7e-m+fp/hard\libc_nano.a
LOAD C:/ST/STM32CubeIDE_1.13.0/STM32CubeIDE/plugins/com.st.stm32cube.ide.mcu.externaltools.gnu-tools-for-stm32.11.3.rel1.win32_1.1.1.202309131626/tools/bin/../lib/gcc/arm-none-eabi/11.3.1/../../../../arm-none-eabi/lib/thumb/v7e-m+fp/hard\libnosys.a
END GROUP
LOAD C:/ST/STM32CubeIDE_1.13.0/STM32CubeIDE/plugins/com.st.stm32cube.ide.mcu.externaltools.gnu-tools-for-stm32.11.3.rel1.win32_1.1.1.202309131626/tools/bin/../lib/gcc/arm-none-eabi/11.3.1/thumb/v7e-m+fp/hard/crtend.o
LOAD C:/ST/STM32CubeIDE_1.13.0/STM32CubeIDE/plugins/com.st.stm32cube.ide.mcu.externaltools.gnu-tools-for-stm32.11.3.rel1.win32_1.1.1.202309131626/tools/bin/../lib/gcc/arm-none-eabi/11.3.1/thumb/v7e-m+fp/hard/crtn.o
                0x0000000020020000                _estack = (ORIGIN (RAM) + LENGTH (RAM))
                0x0000000000000200                _Min_Heap_Size = 0x200
                0x0000000000000400                _Min_Stack_Size = 0x400

.isr_vector     0x0000000008000000      0x188
                0x0000000008000000                . = ALIGN (0x4)
 *(.isr_vector)
 .isr_vector    0x0000000008000000      0x188 ./Core/Startup/startup_stm32f407vgtx.o
                0x0000000008000000                g_pfnVectors
                0x0000000008000188                . = ALIGN (0x4)

.text           0x0000000008000190     0x5a8c
                0x0000000008000190                . = ALIGN (0x4)
 *(.text)
 .text          0x0000000008000190       0x40 C:/ST/STM32CubeIDE_1.13.0/STM32CubeIDE/plugins/com.st.stm32cube.ide.mcu.externaltools.gnu-tools-for-stm32.11.3.rel1.win32_1.1.1.202309131626/tools/bin/../lib/gcc/arm-none-eabi/11.3.1/thumb/v7e-m+fp/hard/crtbegin.o
 .text          0x00000000080001d0       0x30 C:/ST/STM32CubeIDE_1.13.0/STM32CubeIDE/plugins/com.st.stm32cube.ide.mcu.externaltools.gnu-tools-for-stm32.11.3.rel1.win32_1.1.1.202309131626/tools/bin/../lib/gcc/arm-none-eabi/11.3.1/thumb/v7e-m+fp/hard\libgcc.a(_aeabi_uldivmod.o)
                0x00000000080001d0                __aeabi_uldivmod
 .text          0x0000000008000200      0x2c8 C:/ST/STM32CubeIDE_1.13.0/STM32CubeIDE/plugins/com.st.stm32cube.ide.mcu.externaltools.gnu-tools-for-stm32.11.3.rel1.win32_1.1.1.202309131626/tools/bin/../lib/gcc/arm-none-eabi/11.3.1/thumb/v7e-m+fp/hard\libgcc.a(_udivmoddi4.o)
                0x0000000008000200                __udivmoddi4
 .text          0x00000000080004c8        0x4 C:/ST/STM32CubeIDE_1.13.0/STM32CubeIDE/plugins/com.st.stm32cube.ide.mcu.externaltools.gnu-tools-for-stm32.11.3.rel1.win32_1.1.1.202309131626/tools/bin/../lib/gcc/arm-none-eabi/11.3.1/thumb/v7e-m+fp/hard\libgcc.a(_dvmd_tls.o)
                0x00000000080004c8                __aeabi_idiv0
                0x00000000080004c8                __aeabi_ldiv0
 *(.text*)
 .text.main     0x00000000080004cc       0x70 ./Core/Src/main.o
                0x00000000080004cc                main
 .text.SystemClock_Config
                0x000000000800053c       0xbc ./Core/Src/main.o
                0x000000000800053c                SystemClock_Config
 .text.MX_GPIO_Init
                0x00000000080005f8       0x50 ./Core/Src/main.o
 .text.StartTask1
                0x0000000008000648       0x10 ./Core/Src/main.o
                0x0000000008000648                StartTask1
 .text.StartTask02
                0x0000000008000658       0x10 ./Core/Src/main.o
                0x0000000008000658                StartTask02
 .text.Error_Handler
                0x0000000008000668        0xa ./Core/Src/main.o
                0x0000000008000668                Error_Handler
 *fill*         0x0000000008000672        0x2 
 .text.HAL_MspInit
                0x0000000008000674       0x58 ./Core/Src/stm32f4xx_hal_msp.o
                0x0000000008000674                HAL_MspInit
 .text.NMI_Handler
                0x00000000080006cc        0x6 ./Core/Src/stm32f4xx_it.o
                0x00000000080006cc                NMI_Handler
 .text.HardFault_Handler
                0x00000000080006d2        0x6 ./Core/Src/stm32f4xx_it.o
                0x00000000080006d2                HardFault_Handler
 .text.MemManage_Handler
                0x00000000080006d8        0x6 ./Core/Src/stm32f4xx_it.o
                0x00000000080006d8                MemManage_Handler
 .text.BusFault_Handler
                0x00000000080006de        0x6 ./Core/Src/stm32f4xx_it.o
                0x00000000080006de                BusFault_Handler
 .text.UsageFault_Handler
                0x00000000080006e4        0x6 ./Core/Src/stm32f4xx_it.o
                0x00000000080006e4                UsageFault_Handler
 .text.DebugMon_Handler
                0x00000000080006ea        0xe ./Core/Src/stm32f4xx_it.o
                0x00000000080006ea                DebugMon_Handler
 .text.SysTick_Handler
                0x00000000080006f8       0x1a ./Core/Src/stm32f4xx_it.o
                0x00000000080006f8                SysTick_Handler
 *fill*         0x0000000008000712        0x2 
 .text.SystemInit
                0x0000000008000714       0x24 ./Core/Src/system_stm32f4xx.o
                0x0000000008000714                SystemInit
 .text.Reset_Handler
                0x0000000008000738       0x50 ./Core/Startup/startup_stm32f407vgtx.o
                0x0000000008000738                Reset_Handler
 .text.Default_Handler
                0x0000000008000788        0x2 ./Core/Startup/startup_stm32f407vgtx.o
                0x0000000008000788                RTC_Alarm_IRQHandler
                0x0000000008000788                HASH_RNG_IRQHandler
                0x0000000008000788                EXTI2_IRQHandler
                0x0000000008000788                TIM8_CC_IRQHandler
                0x0000000008000788                TIM1_CC_IRQHandler
                0x0000000008000788                DMA2_Stream5_IRQHandler
                0x0000000008000788                DMA1_Stream5_IRQHandler
                0x0000000008000788                PVD_IRQHandler
                0x0000000008000788                SDIO_IRQHandler
                0x0000000008000788                TAMP_STAMP_IRQHandler
                0x0000000008000788                CAN2_RX1_IRQHandler
                0x0000000008000788                EXTI3_IRQHandler
                0x0000000008000788                TIM8_TRG_COM_TIM14_IRQHandler
                0x0000000008000788                TIM1_UP_TIM10_IRQHandler
                0x0000000008000788                TIM8_UP_TIM13_IRQHandler
                0x0000000008000788                I2C3_ER_IRQHandler
                0x0000000008000788                EXTI0_IRQHandler
                0x0000000008000788                I2C2_EV_IRQHandler
                0x0000000008000788                DMA1_Stream2_IRQHandler
                0x0000000008000788                CAN1_RX0_IRQHandler
                0x0000000008000788                FPU_IRQHandler
                0x0000000008000788                OTG_HS_WKUP_IRQHandler
                0x0000000008000788                CAN2_SCE_IRQHandler
                0x0000000008000788                DMA2_Stream2_IRQHandler
                0x0000000008000788                SPI1_IRQHandler
                0x0000000008000788                TIM6_DAC_IRQHandler
                0x0000000008000788                TIM1_BRK_TIM9_IRQHandler
                0x0000000008000788                DCMI_IRQHandler
                0x0000000008000788                CAN2_RX0_IRQHandler
                0x0000000008000788                DMA2_Stream3_IRQHandler
                0x0000000008000788                USART6_IRQHandler
                0x0000000008000788                USART3_IRQHandler
                0x0000000008000788                CAN1_RX1_IRQHandler
                0x0000000008000788                UART5_IRQHandler
                0x0000000008000788                DMA2_Stream0_IRQHandler
                0x0000000008000788                TIM4_IRQHandler
                0x0000000008000788                I2C1_EV_IRQHandler
                0x0000000008000788                DMA1_Stream6_IRQHandler
                0x0000000008000788                DMA1_Stream1_IRQHandler
                0x0000000008000788                UART4_IRQHandler
                0x0000000008000788                TIM3_IRQHandler
                0x0000000008000788                RCC_IRQHandler
                0x0000000008000788                TIM8_BRK_TIM12_IRQHandler
                0x0000000008000788                Default_Handler
                0x0000000008000788                EXTI15_10_IRQHandler
                0x0000000008000788                ADC_IRQHandler
                0x0000000008000788                DMA1_Stream7_IRQHandler
                0x0000000008000788                TIM7_IRQHandler
                0x0000000008000788                CAN2_TX_IRQHandler
                0x0000000008000788                TIM5_IRQHandler
                0x0000000008000788                DMA2_Stream7_IRQHandler
                0x0000000008000788                I2C3_EV_IRQHandler
                0x0000000008000788                EXTI9_5_IRQHandler
                0x0000000008000788                RTC_WKUP_IRQHandler
                0x0000000008000788                ETH_WKUP_IRQHandler
                0x0000000008000788                SPI2_IRQHandler
                0x0000000008000788                OTG_HS_EP1_IN_IRQHandler
                0x0000000008000788                DMA1_Stream0_IRQHandler
                0x0000000008000788                CAN1_TX_IRQHandler
                0x0000000008000788                EXTI4_IRQHandler
                0x0000000008000788                FSMC_IRQHandler
                0x0000000008000788                ETH_IRQHandler
                0x0000000008000788                OTG_HS_EP1_OUT_IRQHandler
                0x0000000008000788                WWDG_IRQHandler
                0x0000000008000788                TIM2_IRQHandler
                0x0000000008000788                OTG_FS_WKUP_IRQHandler
                0x0000000008000788                TIM1_TRG_COM_TIM11_IRQHandler
                0x0000000008000788                OTG_HS_IRQHandler
                0x0000000008000788                EXTI1_IRQHandler
                0x0000000008000788                USART2_IRQHandler
                0x0000000008000788                I2C2_ER_IRQHandler
                0x0000000008000788                DMA2_Stream1_IRQHandler
                0x0000000008000788                CAN1_SCE_IRQHandler
                0x0000000008000788                FLASH_IRQHandler
                0x0000000008000788                DMA2_Stream4_IRQHandler
                0x0000000008000788                USART1_IRQHandler
                0x0000000008000788                OTG_FS_IRQHandler
                0x0000000008000788                SPI3_IRQHandler
                0x0000000008000788                DMA1_Stream4_IRQHandler
                0x0000000008000788                I2C1_ER_IRQHandler
                0x0000000008000788                DMA2_Stream6_IRQHandler
                0x0000000008000788                DMA1_Stream3_IRQHandler
 *fill*         0x000000000800078a        0x2 
 .text.HAL_Init
                0x000000000800078c       0x44 ./Drivers/STM32F4xx_HAL_Driver/Src/stm32f4xx_hal.o
                0x000000000800078c                HAL_Init
 .text.HAL_InitTick
                0x00000000080007d0       0x60 ./Drivers/STM32F4xx_HAL_Driver/Src/stm32f4xx_hal.o
                0x00000000080007d0                HAL_InitTick
 .text.HAL_IncTick
                0x0000000008000830       0x28 ./Drivers/STM32F4xx_HAL_Driver/Src/stm32f4xx_hal.o
                0x0000000008000830                HAL_IncTick
 .text.HAL_GetTick
                0x0000000008000858       0x18 ./Drivers/STM32F4xx_HAL_Driver/Src/stm32f4xx_hal.o
                0x0000000008000858                HAL_GetTick
 .text.__NVIC_SetPriorityGrouping
                0x0000000008000870       0x48 ./Drivers/STM32F4xx_HAL_Driver/Src/stm32f4xx_hal_cortex.o
 .text.__NVIC_GetPriorityGrouping
                0x00000000080008b8       0x1c ./Drivers/STM32F4xx_HAL_Driver/Src/stm32f4xx_hal_cortex.o
 .text.__NVIC_SetPriority
                0x00000000080008d4       0x54 ./Drivers/STM32F4xx_HAL_Driver/Src/stm32f4xx_hal_cortex.o
 .text.NVIC_EncodePriority
                0x0000000008000928       0x66 ./Drivers/STM32F4xx_HAL_Driver/Src/stm32f4xx_hal_cortex.o
 *fill*         0x000000000800098e        0x2 
 .text.SysTick_Config
                0x0000000008000990       0x44 ./Drivers/STM32F4xx_HAL_Driver/Src/stm32f4xx_hal_cortex.o
 .text.HAL_NVIC_SetPriorityGrouping
                0x00000000080009d4       0x16 ./Drivers/STM32F4xx_HAL_Driver/Src/stm32f4xx_hal_cortex.o
                0x00000000080009d4                HAL_NVIC_SetPriorityGrouping
 .text.HAL_NVIC_SetPriority
                0x00000000080009ea       0x38 ./Drivers/STM32F4xx_HAL_Driver/Src/stm32f4xx_hal_cortex.o
                0x00000000080009ea                HAL_NVIC_SetPriority
 .text.HAL_SYSTICK_Config
                0x0000000008000a22       0x18 ./Drivers/STM32F4xx_HAL_Driver/Src/stm32f4xx_hal_cortex.o
                0x0000000008000a22                HAL_SYSTICK_Config
 *fill*         0x0000000008000a3a        0x2 
 .text.HAL_RCC_OscConfig
                0x0000000008000a3c      0x4f0 ./Drivers/STM32F4xx_HAL_Driver/Src/stm32f4xx_hal_rcc.o
                0x0000000008000a3c                HAL_RCC_OscConfig
 .text.HAL_RCC_ClockConfig
                0x0000000008000f2c      0x1cc ./Drivers/STM32F4xx_HAL_Driver/Src/stm32f4xx_hal_rcc.o
                0x0000000008000f2c                HAL_RCC_ClockConfig
 .text.HAL_RCC_GetSysClockFreq
                0x00000000080010f8      0x18c ./Drivers/STM32F4xx_HAL_Driver/Src/stm32f4xx_hal_rcc.o
                0x00000000080010f8                HAL_RCC_GetSysClockFreq
 .text.__NVIC_SetPriority
                0x0000000008001284       0x54 ./Middlewares/Third_Party/FreeRTOS/org/Source/CMSIS_RTOS_V2/cmsis_os2.o
 .text.SVC_Setup
                0x00000000080012d8       0x12 ./Middlewares/Third_Party/FreeRTOS/org/Source/CMSIS_RTOS_V2/cmsis_os2.o
 *fill*         0x00000000080012ea        0x2 
 .text.osKernelInitialize
                0x00000000080012ec       0x48 ./Middlewares/Third_Party/FreeRTOS/org/Source/CMSIS_RTOS_V2/cmsis_os2.o
                0x00000000080012ec                osKernelInitialize
 .text.osKernelStart
                0x0000000008001334       0x4c ./Middlewares/Third_Party/FreeRTOS/org/Source/CMSIS_RTOS_V2/cmsis_os2.o
                0x0000000008001334                osKernelStart
 .text.osThreadNew
                0x0000000008001380      0x124 ./Middlewares/Third_Party/FreeRTOS/org/Source/CMSIS_RTOS_V2/cmsis_os2.o
                0x0000000008001380                osThreadNew
 .text.osDelay  0x00000000080014a4       0x36 ./Middlewares/Third_Party/FreeRTOS/org/Source/CMSIS_RTOS_V2/cmsis_os2.o
                0x00000000080014a4                osDelay
 *fill*         0x00000000080014da        0x2 
 .text.vApplicationGetIdleTaskMemory
                0x00000000080014dc       0x34 ./Middlewares/Third_Party/FreeRTOS/org/Source/CMSIS_RTOS_V2/cmsis_os2.o
                0x00000000080014dc                vApplicationGetIdleTaskMemory
 .text.vApplicationGetTimerTaskMemory
                0x0000000008001510       0x34 ./Middlewares/Third_Party/FreeRTOS/org/Source/CMSIS_RTOS_V2/cmsis_os2.o
                0x0000000008001510                vApplicationGetTimerTaskMemory
 .text.vListInitialise
                0x0000000008001544       0x40 ./Middlewares/Third_Party/FreeRTOS/org/Source/list.o
                0x0000000008001544                vListInitialise
 .text.vListInitialiseItem
                0x0000000008001584       0x1a ./Middlewares/Third_Party/FreeRTOS/org/Source/list.o
                0x0000000008001584                vListInitialiseItem
 .text.vListInsertEnd
                0x000000000800159e       0x48 ./Middlewares/Third_Party/FreeRTOS/org/Source/list.o
                0x000000000800159e                vListInsertEnd
 .text.vListInsert
                0x00000000080015e6       0x72 ./Middlewares/Third_Party/FreeRTOS/org/Source/list.o
                0x00000000080015e6                vListInsert
 .text.uxListRemove
                0x0000000008001658       0x54 ./Middlewares/Third_Party/FreeRTOS/org/Source/list.o
                0x0000000008001658                uxListRemove
 .text.xQueueGenericReset
                0x00000000080016ac       0xd0 ./Middlewares/Third_Party/FreeRTOS/org/Source/queue.o
                0x00000000080016ac                xQueueGenericReset
 .text.xQueueGenericCreateStatic
                0x000000000800177c       0xf0 ./Middlewares/Third_Party/FreeRTOS/org/Source/queue.o
                0x000000000800177c                xQueueGenericCreateStatic
 .text.prvInitialiseNewQueue
                0x000000000800186c       0x52 ./Middlewares/Third_Party/FreeRTOS/org/Source/queue.o
 *fill*         0x00000000080018be        0x2 
 .text.xQueueGenericSend
                0x00000000080018c0      0x24c ./Middlewares/Third_Party/FreeRTOS/org/Source/queue.o
                0x00000000080018c0                xQueueGenericSend
 .text.xQueueGenericSendFromISR
                0x0000000008001b0c      0x15e ./Middlewares/Third_Party/FreeRTOS/org/Source/queue.o
                0x0000000008001b0c                xQueueGenericSendFromISR
 *fill*         0x0000000008001c6a        0x2 
 .text.xQueueReceive
                0x0000000008001c6c      0x220 ./Middlewares/Third_Party/FreeRTOS/org/Source/queue.o
                0x0000000008001c6c                xQueueReceive
 .text.prvCopyDataToQueue
                0x0000000008001e8c       0xd4 ./Middlewares/Third_Party/FreeRTOS/org/Source/queue.o
 .text.prvCopyDataFromQueue
                0x0000000008001f60       0x4c ./Middlewares/Third_Party/FreeRTOS/org/Source/queue.o
 .text.prvUnlockQueue
                0x0000000008001fac       0xa4 ./Middlewares/Third_Party/FreeRTOS/org/Source/queue.o
 .text.prvIsQueueEmpty
                0x0000000008002050       0x2c ./Middlewares/Third_Party/FreeRTOS/org/Source/queue.o
 .text.prvIsQueueFull
                0x000000000800207c       0x30 ./Middlewares/Third_Party/FreeRTOS/org/Source/queue.o
 .text.vQueueAddToRegistry
                0x00000000080020ac       0x64 ./Middlewares/Third_Party/FreeRTOS/org/Source/queue.o
                0x00000000080020ac                vQueueAddToRegistry
 .text.vQueueWaitForMessageRestricted
                0x0000000008002110       0x68 ./Middlewares/Third_Party/FreeRTOS/org/Source/queue.o
                0x0000000008002110                vQueueWaitForMessageRestricted
 .text.xTaskCreateStatic
                0x0000000008002178       0xba ./Middlewares/Third_Party/FreeRTOS/org/Source/tasks.o
                0x0000000008002178                xTaskCreateStatic
 .text.xTaskCreate
                0x0000000008002232       0x8a ./Middlewares/Third_Party/FreeRTOS/org/Source/tasks.o
                0x0000000008002232                xTaskCreate
 .text.prvInitialiseNewTask
                0x00000000080022bc      0x11e ./Middlewares/Third_Party/FreeRTOS/org/Source/tasks.o
 *fill*         0x00000000080023da        0x2 
 .text.prvAddNewTaskToReadyList
                0x00000000080023dc      0x11c ./Middlewares/Third_Party/FreeRTOS/org/Source/tasks.o
 .text.vTaskDelay
                0x00000000080024f8       0x70 ./Middlewares/Third_Party/FreeRTOS/org/Source/tasks.o
                0x00000000080024f8                vTaskDelay
 .text.vTaskStartScheduler
                0x0000000008002568       0xec ./Middlewares/Third_Party/FreeRTOS/org/Source/tasks.o
                0x0000000008002568                vTaskStartScheduler
 .text.vTaskSuspendAll
                0x0000000008002654       0x1c ./Middlewares/Third_Party/FreeRTOS/org/Source/tasks.o
                0x0000000008002654                vTaskSuspendAll
 .text.xTaskResumeAll
                0x0000000008002670      0x144 ./Middlewares/Third_Party/FreeRTOS/org/Source/tasks.o
                0x0000000008002670                xTaskResumeAll
 .text.xTaskGetTickCount
                0x00000000080027b4       0x20 ./Middlewares/Third_Party/FreeRTOS/org/Source/tasks.o
                0x00000000080027b4                xTaskGetTickCount
 .text.xTaskGetTickCountFromISR
                0x00000000080027d4       0x24 ./Middlewares/Third_Party/FreeRTOS/org/Source/tasks.o
                0x00000000080027d4                xTaskGetTickCountFromISR
 .text.xTaskIncrementTick
                0x00000000080027f8      0x17c ./Middlewares/Third_Party/FreeRTOS/org/Source/tasks.o
                0x00000000080027f8                xTaskIncrementTick
 .text.vTaskSwitchContext
                0x0000000008002974       0xd8 ./Middlewares/Third_Party/FreeRTOS/org/Source/tasks.o
                0x0000000008002974                vTaskSwitchContext
 .text.vTaskPlaceOnEventList
                0x0000000008002a4c       0x48 ./Middlewares/Third_Party/FreeRTOS/org/Source/tasks.o
                0x0000000008002a4c                vTaskPlaceOnEventList
 .text.vTaskPlaceOnEventListRestricted
                0x0000000008002a94       0x5c ./Middlewares/Third_Party/FreeRTOS/org/Source/tasks.o
                0x0000000008002a94                vTaskPlaceOnEventListRestricted
 .text.xTaskRemoveFromEventList
                0x0000000008002af0       0xd0 ./Middlewares/Third_Party/FreeRTOS/org/Source/tasks.o
                0x0000000008002af0                xTaskRemoveFromEventList
 .text.vTaskInternalSetTimeOutState
                0x0000000008002bc0       0x2c ./Middlewares/Third_Party/FreeRTOS/org/Source/tasks.o
                0x0000000008002bc0                vTaskInternalSetTimeOutState
 .text.xTaskCheckForTimeOut
                0x0000000008002bec       0xc4 ./Middlewares/Third_Party/FreeRTOS/org/Source/tasks.o
                0x0000000008002bec                xTaskCheckForTimeOut
 .text.vTaskMissedYield
                0x0000000008002cb0       0x18 ./Middlewares/Third_Party/FreeRTOS/org/Source/tasks.o
                0x0000000008002cb0                vTaskMissedYield
 .text.prvIdleTask
                0x0000000008002cc8       0x30 ./Middlewares/Third_Party/FreeRTOS/org/Source/tasks.o
 .text.prvInitialiseTaskLists
                0x0000000008002cf8       0x80 ./Middlewares/Third_Party/FreeRTOS/org/Source/tasks.o
 .text.prvCheckTasksWaitingTermination
                0x0000000008002d78       0x5c ./Middlewares/Third_Party/FreeRTOS/org/Source/tasks.o
 .text.prvTaskCheckFreeStackSpace
                0x0000000008002dd4       0x38 ./Middlewares/Third_Party/FreeRTOS/org/Source/tasks.o
 .text.uxTaskGetStackHighWaterMark
                0x0000000008002e0c       0x38 ./Middlewares/Third_Party/FreeRTOS/org/Source/tasks.o
                0x0000000008002e0c                uxTaskGetStackHighWaterMark
 .text.prvDeleteTCB
                0x0000000008002e44       0x5e ./Middlewares/Third_Party/FreeRTOS/org/Source/tasks.o
 *fill*         0x0000000008002ea2        0x2 
 .text.prvResetNextTaskUnblockTime
                0x0000000008002ea4       0x40 ./Middlewares/Third_Party/FreeRTOS/org/Source/tasks.o
 .text.xTaskGetSchedulerState
                0x0000000008002ee4       0x3c ./Middlewares/Third_Party/FreeRTOS/org/Source/tasks.o
                0x0000000008002ee4                xTaskGetSchedulerState
 .text.xTaskPriorityDisinherit
                0x0000000008002f20       0xe4 ./Middlewares/Third_Party/FreeRTOS/org/Source/tasks.o
                0x0000000008002f20                xTaskPriorityDisinherit
 .text.prvAddCurrentTaskToDelayedList
                0x0000000008003004       0xcc ./Middlewares/Third_Party/FreeRTOS/org/Source/tasks.o
 .text.xTimerCreateTimerTask
                0x00000000080030d0       0x90 ./Middlewares/Third_Party/FreeRTOS/org/Source/timers.o
                0x00000000080030d0                xTimerCreateTimerTask
 .text.xTimerGenericCommand
                0x0000000008003160       0x9c ./Middlewares/Third_Party/FreeRTOS/org/Source/timers.o
                0x0000000008003160                xTimerGenericCommand
 .text.prvProcessExpiredTimer
                0x00000000080031fc       0x98 ./Middlewares/Third_Party/FreeRTOS/org/Source/timers.o
 .text.prvTimerTask
                0x0000000008003294       0x24 ./Middlewares/Third_Party/FreeRTOS/org/Source/timers.o
 .text.prvProcessTimerOrBlockTask
                0x00000000080032b8       0x9c ./Middlewares/Third_Party/FreeRTOS/org/Source/timers.o
 .text.prvGetNextExpireTime
                0x0000000008003354       0x48 ./Middlewares/Third_Party/FreeRTOS/org/Source/timers.o
 .text.prvSampleTimeNow
                0x000000000800339c       0x40 ./Middlewares/Third_Party/FreeRTOS/org/Source/timers.o
 .text.prvInsertTimerInActiveList
                0x00000000080033dc       0x84 ./Middlewares/Third_Party/FreeRTOS/org/Source/timers.o
 .text.prvProcessReceivedCommands
                0x0000000008003460      0x1c4 ./Middlewares/Third_Party/FreeRTOS/org/Source/timers.o
 .text.prvSwitchTimerLists
                0x0000000008003624       0xc8 ./Middlewares/Third_Party/FreeRTOS/org/Source/timers.o
 .text.prvCheckForValidListAndQueue
                0x00000000080036ec       0x80 ./Middlewares/Third_Party/FreeRTOS/org/Source/timers.o
 .text.pxPortInitialiseStack
                0x000000000800376c       0x68 ./Middlewares/Third_Party/FreeRTOS/org/Source/portable/GCC/ARM_CM4F/port.o
                0x000000000800376c                pxPortInitialiseStack
 .text.prvTaskExitError
                0x00000000080037d4       0x58 ./Middlewares/Third_Party/FreeRTOS/org/Source/portable/GCC/ARM_CM4F/port.o
 *fill*         0x000000000800382c        0x4 
 .text.SVC_Handler
                0x0000000008003830       0x28 ./Middlewares/Third_Party/FreeRTOS/org/Source/portable/GCC/ARM_CM4F/port.o
                0x0000000008003830                SVC_Handler
 .text.prvPortStartFirstTask
                0x0000000008003858       0x28 ./Middlewares/Third_Party/FreeRTOS/org/Source/portable/GCC/ARM_CM4F/port.o
 .text.xPortStartScheduler
                0x0000000008003880      0x144 ./Middlewares/Third_Party/FreeRTOS/org/Source/portable/GCC/ARM_CM4F/port.o
                0x0000000008003880                xPortStartScheduler
 .text.vPortEnterCritical
                0x00000000080039c4       0x60 ./Middlewares/Third_Party/FreeRTOS/org/Source/portable/GCC/ARM_CM4F/port.o
                0x00000000080039c4                vPortEnterCritical
 .text.vPortExitCritical
                0x0000000008003a24       0x54 ./Middlewares/Third_Party/FreeRTOS/org/Source/portable/GCC/ARM_CM4F/port.o
                0x0000000008003a24                vPortExitCritical
 *fill*         0x0000000008003a78        0x8 
 .text.PendSV_Handler
                0x0000000008003a80       0x68 ./Middlewares/Third_Party/FreeRTOS/org/Source/portable/GCC/ARM_CM4F/port.o
                0x0000000008003a80                PendSV_Handler
 .text.xPortSysTickHandler
                0x0000000008003ae8       0x54 ./Middlewares/Third_Party/FreeRTOS/org/Source/portable/GCC/ARM_CM4F/port.o
                0x0000000008003ae8                xPortSysTickHandler
 .text.vPortSetupTimerInterrupt
                0x0000000008003b3c       0x48 ./Middlewares/Third_Party/FreeRTOS/org/Source/portable/GCC/ARM_CM4F/port.o
                0x0000000008003b3c                vPortSetupTimerInterrupt
 .text.vPortEnableVFP
                0x0000000008003b84       0x14 ./Middlewares/Third_Party/FreeRTOS/org/Source/portable/GCC/ARM_CM4F/port.o
 .text.vPortValidateInterruptPriority
                0x0000000008003b98       0x80 ./Middlewares/Third_Party/FreeRTOS/org/Source/portable/GCC/ARM_CM4F/port.o
                0x0000000008003b98                vPortValidateInterruptPriority
 .text.vSetVarulMaxPRIGROUPValue
                0x0000000008003c18       0xb0 ./Middlewares/Third_Party/FreeRTOS/org/Source/portable/GCC/ARM_CM4F/port.o
                0x0000000008003c18                vSetVarulMaxPRIGROUPValue
 .text.pvPortMalloc
                0x0000000008003cc8      0x198 ./Middlewares/Third_Party/FreeRTOS/org/Source/portable/MemMang/heap_4.o
                0x0000000008003cc8                pvPortMalloc
 .text.vPortFree
                0x0000000008003e60       0xc4 ./Middlewares/Third_Party/FreeRTOS/org/Source/portable/MemMang/heap_4.o
                0x0000000008003e60                vPortFree
 .text.prvHeapInit
                0x0000000008003f24       0xc4 ./Middlewares/Third_Party/FreeRTOS/org/Source/portable/MemMang/heap_4.o
 .text.prvInsertBlockIntoFreeList
                0x0000000008003fe8       0xb4 ./Middlewares/Third_Party/FreeRTOS/org/Source/portable/MemMang/heap_4.o
 .text._cbSendSystemDesc
                0x000000000800409c       0x1c ./Middlewares/Third_Party/SEGGER/Config/SEGGER_SYSVIEW_Config_FreeRTOS.o
 .text.SEGGER_SYSVIEW_Conf
                0x00000000080040b8       0x2c ./Middlewares/Third_Party/SEGGER/Config/SEGGER_SYSVIEW_Config_FreeRTOS.o
                0x00000000080040b8                SEGGER_SYSVIEW_Conf
 .text._cbSendTaskList
                0x00000000080040e4       0xbc ./Middlewares/Third_Party/SEGGER/OS/SEGGER_SYSVIEW_FreeRTOS.o
 .text._cbGetTime
                0x00000000080041a0       0x86 ./Middlewares/Third_Party/SEGGER/OS/SEGGER_SYSVIEW_FreeRTOS.o
 *fill*         0x0000000008004226        0x2 
 .text.SYSVIEW_AddTask
                0x0000000008004228       0xd0 ./Middlewares/Third_Party/SEGGER/OS/SEGGER_SYSVIEW_FreeRTOS.o
                0x0000000008004228                SYSVIEW_AddTask
 .text.SYSVIEW_SendTaskInfo
                0x00000000080042f8       0x42 ./Middlewares/Third_Party/SEGGER/OS/SEGGER_SYSVIEW_FreeRTOS.o
                0x00000000080042f8                SYSVIEW_SendTaskInfo
 *fill*         0x000000000800433a        0x2 
 .text._DoInit  0x000000000800433c       0xa4 ./Middlewares/Third_Party/SEGGER/SEGGER/SEGGER_RTT.o
 .text.SEGGER_RTT_ReadNoLock
                0x00000000080043e0      0x104 ./Middlewares/Third_Party/SEGGER/SEGGER/SEGGER_RTT.o
                0x00000000080043e0                SEGGER_RTT_ReadNoLock
 .text.SEGGER_RTT_WriteSkipNoLock
                0x00000000080044e4      0x120 ./Middlewares/Third_Party/SEGGER/SEGGER/SEGGER_RTT.o
                0x00000000080044e4                SEGGER_RTT_WriteSkipNoLock
 .text.SEGGER_RTT_ConfigUpBuffer
                0x0000000008004604       0xd4 ./Middlewares/Third_Party/SEGGER/SEGGER/SEGGER_RTT.o
                0x0000000008004604                SEGGER_RTT_ConfigUpBuffer
 .text.SEGGER_RTT_ConfigDownBuffer
                0x00000000080046d8       0xd4 ./Middlewares/Third_Party/SEGGER/SEGGER/SEGGER_RTT.o
                0x00000000080046d8                SEGGER_RTT_ConfigDownBuffer
 .text._EncodeStr
                0x00000000080047ac       0x9a ./Middlewares/Third_Party/SEGGER/SEGGER/SEGGER_SYSVIEW.o
 .text._PreparePacket
                0x0000000008004846       0x18 ./Middlewares/Third_Party/SEGGER/SEGGER/SEGGER_SYSVIEW.o
 *fill*         0x000000000800485e        0x2 
 .text._HandleIncomingPacket
                0x0000000008004860       0xc4 ./Middlewares/Third_Party/SEGGER/SEGGER/SEGGER_SYSVIEW.o
 .text._TrySendOverflowPacket
                0x0000000008004924       0xe0 ./Middlewares/Third_Party/SEGGER/SEGGER/SEGGER_SYSVIEW.o
 .text._SendPacket
                0x0000000008004a04      0x1a8 ./Middlewares/Third_Party/SEGGER/SEGGER/SEGGER_SYSVIEW.o
 .text.SEGGER_SYSVIEW_Init
                0x0000000008004bac       0x7c ./Middlewares/Third_Party/SEGGER/SEGGER/SEGGER_SYSVIEW.o
                0x0000000008004bac                SEGGER_SYSVIEW_Init
 .text.SEGGER_SYSVIEW_SetRAMBase
                0x0000000008004c28       0x20 ./Middlewares/Third_Party/SEGGER/SEGGER/SEGGER_SYSVIEW.o
                0x0000000008004c28                SEGGER_SYSVIEW_SetRAMBase
 .text.SEGGER_SYSVIEW_RecordVoid
                0x0000000008004c48       0x3c ./Middlewares/Third_Party/SEGGER/SEGGER/SEGGER_SYSVIEW.o
                0x0000000008004c48                SEGGER_SYSVIEW_RecordVoid
 .text.SEGGER_SYSVIEW_RecordU32
                0x0000000008004c84       0x78 ./Middlewares/Third_Party/SEGGER/SEGGER/SEGGER_SYSVIEW.o
                0x0000000008004c84                SEGGER_SYSVIEW_RecordU32
 .text.SEGGER_SYSVIEW_RecordU32x2
                0x0000000008004cfc       0xb4 ./Middlewares/Third_Party/SEGGER/SEGGER/SEGGER_SYSVIEW.o
                0x0000000008004cfc                SEGGER_SYSVIEW_RecordU32x2
 .text.SEGGER_SYSVIEW_RecordU32x3
                0x0000000008004db0       0xec ./Middlewares/Third_Party/SEGGER/SEGGER/SEGGER_SYSVIEW.o
                0x0000000008004db0                SEGGER_SYSVIEW_RecordU32x3
 .text.SEGGER_SYSVIEW_RecordU32x4
                0x0000000008004e9c      0x124 ./Middlewares/Third_Party/SEGGER/SEGGER/SEGGER_SYSVIEW.o
                0x0000000008004e9c                SEGGER_SYSVIEW_RecordU32x4
 .text.SEGGER_SYSVIEW_Start
                0x0000000008004fc0      0x178 ./Middlewares/Third_Party/SEGGER/SEGGER/SEGGER_SYSVIEW.o
                0x0000000008004fc0                SEGGER_SYSVIEW_Start
 .text.SEGGER_SYSVIEW_Stop
                0x0000000008005138       0x4c ./Middlewares/Third_Party/SEGGER/SEGGER/SEGGER_SYSVIEW.o
                0x0000000008005138                SEGGER_SYSVIEW_Stop
 .text.SEGGER_SYSVIEW_GetSysDesc
                0x0000000008005184      0x134 ./Middlewares/Third_Party/SEGGER/SEGGER/SEGGER_SYSVIEW.o
                0x0000000008005184                SEGGER_SYSVIEW_GetSysDesc
 .text.SEGGER_SYSVIEW_SendTaskInfo
                0x00000000080052b8      0x1cc ./Middlewares/Third_Party/SEGGER/SEGGER/SEGGER_SYSVIEW.o
                0x00000000080052b8                SEGGER_SYSVIEW_SendTaskInfo
 .text.SEGGER_SYSVIEW_SendTaskList
                0x0000000008005484       0x28 ./Middlewares/Third_Party/SEGGER/SEGGER/SEGGER_SYSVIEW.o
                0x0000000008005484                SEGGER_SYSVIEW_SendTaskList
 .text.SEGGER_SYSVIEW_SendSysDesc
                0x00000000080054ac       0x48 ./Middlewares/Third_Party/SEGGER/SEGGER/SEGGER_SYSVIEW.o
                0x00000000080054ac                SEGGER_SYSVIEW_SendSysDesc
 .text.SEGGER_SYSVIEW_RecordSystime
                0x00000000080054f4       0x64 ./Middlewares/Third_Party/SEGGER/SEGGER/SEGGER_SYSVIEW.o
                0x00000000080054f4                SEGGER_SYSVIEW_RecordSystime
 .text.SEGGER_SYSVIEW_RecordEnterISR
                0x0000000008005558       0x84 ./Middlewares/Third_Party/SEGGER/SEGGER/SEGGER_SYSVIEW.o
                0x0000000008005558                SEGGER_SYSVIEW_RecordEnterISR
 .text.SEGGER_SYSVIEW_RecordExitISR
                0x00000000080055dc       0x38 ./Middlewares/Third_Party/SEGGER/SEGGER/SEGGER_SYSVIEW.o
                0x00000000080055dc                SEGGER_SYSVIEW_RecordExitISR
 .text.SEGGER_SYSVIEW_RecordExitISRToScheduler
                0x0000000008005614       0x38 ./Middlewares/Third_Party/SEGGER/SEGGER/SEGGER_SYSVIEW.o
                0x0000000008005614                SEGGER_SYSVIEW_RecordExitISRToScheduler
 .text.SEGGER_SYSVIEW_OnIdle
                0x000000000800564c       0x38 ./Middlewares/Third_Party/SEGGER/SEGGER/SEGGER_SYSVIEW.o
                0x000000000800564c                SEGGER_SYSVIEW_OnIdle
 .text.SEGGER_SYSVIEW_OnTaskCreate
                0x0000000008005684       0x88 ./Middlewares/Third_Party/SEGGER/SEGGER/SEGGER_SYSVIEW.o
                0x0000000008005684                SEGGER_SYSVIEW_OnTaskCreate
 .text.SEGGER_SYSVIEW_OnTaskStartExec
                0x000000000800570c       0x88 ./Middlewares/Third_Party/SEGGER/SEGGER/SEGGER_SYSVIEW.o
                0x000000000800570c                SEGGER_SYSVIEW_OnTaskStartExec
 .text.SEGGER_SYSVIEW_OnTaskStartReady
                0x0000000008005794       0x88 ./Middlewares/Third_Party/SEGGER/SEGGER/SEGGER_SYSVIEW.o
                0x0000000008005794                SEGGER_SYSVIEW_OnTaskStartReady
 .text.SEGGER_SYSVIEW_OnTaskStopReady
                0x000000000800581c       0xc0 ./Middlewares/Third_Party/SEGGER/SEGGER/SEGGER_SYSVIEW.o
                0x000000000800581c                SEGGER_SYSVIEW_OnTaskStopReady
 .text.SEGGER_SYSVIEW_ShrinkId
                0x00000000080058dc       0x24 ./Middlewares/Third_Party/SEGGER/SEGGER/SEGGER_SYSVIEW.o
                0x00000000080058dc                SEGGER_SYSVIEW_ShrinkId
 .text.SEGGER_SYSVIEW_SendModule
                0x0000000008005900      0x100 ./Middlewares/Third_Party/SEGGER/SEGGER/SEGGER_SYSVIEW.o
                0x0000000008005900                SEGGER_SYSVIEW_SendModule
 .text.SEGGER_SYSVIEW_SendModuleDescription
                0x0000000008005a00       0x3c ./Middlewares/Third_Party/SEGGER/SEGGER/SEGGER_SYSVIEW.o
                0x0000000008005a00                SEGGER_SYSVIEW_SendModuleDescription
 .text.SEGGER_SYSVIEW_SendNumModules
                0x0000000008005a3c       0x7c ./Middlewares/Third_Party/SEGGER/SEGGER/SEGGER_SYSVIEW.o
                0x0000000008005a3c                SEGGER_SYSVIEW_SendNumModules
 .text.SEGGER_SYSVIEW_Warn
                0x0000000008005ab8       0xb8 ./Middlewares/Third_Party/SEGGER/SEGGER/SEGGER_SYSVIEW.o
                0x0000000008005ab8                SEGGER_SYSVIEW_Warn
 .text.memcmp   0x0000000008005b70       0x20 C:/ST/STM32CubeIDE_1.13.0/STM32CubeIDE/plugins/com.st.stm32cube.ide.mcu.externaltools.gnu-tools-for-stm32.11.3.rel1.win32_1.1.1.202309131626/tools/bin/../lib/gcc/arm-none-eabi/11.3.1/../../../../arm-none-eabi/lib/thumb/v7e-m+fp/hard\libc_nano.a(libc_a-memcmp.o)
                0x0000000008005b70                memcmp
 .text.memset   0x0000000008005b90       0x10 C:/ST/STM32CubeIDE_1.13.0/STM32CubeIDE/plugins/com.st.stm32cube.ide.mcu.externaltools.gnu-tools-for-stm32.11.3.rel1.win32_1.1.1.202309131626/tools/bin/../lib/gcc/arm-none-eabi/11.3.1/../../../../arm-none-eabi/lib/thumb/v7e-m+fp/hard\libc_nano.a(libc_a-memset.o)
                0x0000000008005b90                memset
 .text.__libc_init_array
                0x0000000008005ba0       0x48 C:/ST/STM32CubeIDE_1.13.0/STM32CubeIDE/plugins/com.st.stm32cube.ide.mcu.externaltools.gnu-tools-for-stm32.11.3.rel1.win32_1.1.1.202309131626/tools/bin/../lib/gcc/arm-none-eabi/11.3.1/../../../../arm-none-eabi/lib/thumb/v7e-m+fp/hard\libc_nano.a(libc_a-init.o)
                0x0000000008005ba0                __libc_init_array
 .text.memcpy   0x0000000008005be8       0x1c C:/ST/STM32CubeIDE_1.13.0/STM32CubeIDE/plugins/com.st.stm32cube.ide.mcu.externaltools.gnu-tools-for-stm32.11.3.rel1.win32_1.1.1.202309131626/tools/bin/../lib/gcc/arm-none-eabi/11.3.1/../../../../arm-none-eabi/lib/thumb/v7e-m+fp/hard\libc_nano.a(libc_a-memcpy-stub.o)
                0x0000000008005be8                memcpy
 *(.glue_7)
 .glue_7        0x0000000008005c04        0x0 linker stubs
 *(.glue_7t)
 .glue_7t       0x0000000008005c04        0x0 linker stubs
 *(.eh_frame)
 .eh_frame      0x0000000008005c04        0x0 C:/ST/STM32CubeIDE_1.13.0/STM32CubeIDE/plugins/com.st.stm32cube.ide.mcu.externaltools.gnu-tools-for-stm32.11.3.rel1.win32_1.1.1.202309131626/tools/bin/../lib/gcc/arm-none-eabi/11.3.1/thumb/v7e-m+fp/hard/crtbegin.o
 *(.init)
 .init          0x0000000008005c04        0x4 C:/ST/STM32CubeIDE_1.13.0/STM32CubeIDE/plugins/com.st.stm32cube.ide.mcu.externaltools.gnu-tools-for-stm32.11.3.rel1.win32_1.1.1.202309131626/tools/bin/../lib/gcc/arm-none-eabi/11.3.1/thumb/v7e-m+fp/hard/crti.o
                0x0000000008005c04                _init
 .init          0x0000000008005c08        0x8 C:/ST/STM32CubeIDE_1.13.0/STM32CubeIDE/plugins/com.st.stm32cube.ide.mcu.externaltools.gnu-tools-for-stm32.11.3.rel1.win32_1.1.1.202309131626/tools/bin/../lib/gcc/arm-none-eabi/11.3.1/thumb/v7e-m+fp/hard/crtn.o
 *(.fini)
 .fini          0x0000000008005c10        0x4 C:/ST/STM32CubeIDE_1.13.0/STM32CubeIDE/plugins/com.st.stm32cube.ide.mcu.externaltools.gnu-tools-for-stm32.11.3.rel1.win32_1.1.1.202309131626/tools/bin/../lib/gcc/arm-none-eabi/11.3.1/thumb/v7e-m+fp/hard/crti.o
                0x0000000008005c10                _fini
 .fini          0x0000000008005c14        0x8 C:/ST/STM32CubeIDE_1.13.0/STM32CubeIDE/plugins/com.st.stm32cube.ide.mcu.externaltools.gnu-tools-for-stm32.11.3.rel1.win32_1.1.1.202309131626/tools/bin/../lib/gcc/arm-none-eabi/11.3.1/thumb/v7e-m+fp/hard/crtn.o
                0x0000000008005c1c                . = ALIGN (0x4)
                0x0000000008005c1c                _etext = .

.vfp11_veneer   0x0000000008005c1c        0x0
 .vfp11_veneer  0x0000000008005c1c        0x0 linker stubs

.v4_bx          0x0000000008005c1c        0x0
 .v4_bx         0x0000000008005c1c        0x0 linker stubs

.iplt           0x0000000008005c1c        0x0
 .iplt          0x0000000008005c1c        0x0 C:/ST/STM32CubeIDE_1.13.0/STM32CubeIDE/plugins/com.st.stm32cube.ide.mcu.externaltools.gnu-tools-for-stm32.11.3.rel1.win32_1.1.1.202309131626/tools/bin/../lib/gcc/arm-none-eabi/11.3.1/thumb/v7e-m+fp/hard/crtbegin.o

.rodata         0x0000000008005c1c      0x154
                0x0000000008005c1c                . = ALIGN (0x4)
 *(.rodata)
 .rodata        0x0000000008005c1c       0x11 ./Core/Src/main.o
 *fill*         0x0000000008005c2d        0x3 
 .rodata        0x0000000008005c30        0x5 ./Middlewares/Third_Party/FreeRTOS/org/Source/tasks.o
 *fill*         0x0000000008005c35        0x3 
 .rodata        0x0000000008005c38        0xd ./Middlewares/Third_Party/FreeRTOS/org/Source/timers.o
 *fill*         0x0000000008005c45        0x3 
 .rodata        0x0000000008005c48       0x41 ./Middlewares/Third_Party/SEGGER/Config/SEGGER_SYSVIEW_Config_FreeRTOS.o
 *fill*         0x0000000008005c89        0x3 
 .rodata        0x0000000008005c8c       0x58 ./Middlewares/Third_Party/SEGGER/OS/SEGGER_SYSVIEW_FreeRTOS.o
 .rodata        0x0000000008005ce4       0x17 ./Middlewares/Third_Party/SEGGER/SEGGER/SEGGER_RTT.o
 *fill*         0x0000000008005cfb        0x1 
 .rodata        0x0000000008005cfc        0x8 ./Middlewares/Third_Party/SEGGER/SEGGER/SEGGER_SYSVIEW.o
 *(.rodata*)
 .rodata.myTask1_attributes
                0x0000000008005d04       0x24 ./Core/Src/main.o
                0x0000000008005d04                myTask1_attributes
 .rodata.myTask02_attributes
                0x0000000008005d28       0x24 ./Core/Src/main.o
                0x0000000008005d28                myTask02_attributes
 .rodata.AHBPrescTable
                0x0000000008005d4c       0x10 ./Core/Src/system_stm32f4xx.o
                0x0000000008005d4c                AHBPrescTable
 .rodata.SYSVIEW_X_OS_TraceAPI
                0x0000000008005d5c        0x8 ./Middlewares/Third_Party/SEGGER/OS/SEGGER_SYSVIEW_FreeRTOS.o
                0x0000000008005d5c                SYSVIEW_X_OS_TraceAPI
 .rodata._abSync
                0x0000000008005d64        0xa ./Middlewares/Third_Party/SEGGER/SEGGER/SEGGER_SYSVIEW.o
                0x0000000008005d70                . = ALIGN (0x4)
 *fill*         0x0000000008005d6e        0x2 

.ARM.extab      0x0000000008005d70        0x0
                0x0000000008005d70                . = ALIGN (0x4)
 *(.ARM.extab* .gnu.linkonce.armextab.*)
                0x0000000008005d70                . = ALIGN (0x4)

.ARM            0x0000000008005d70        0x8
                0x0000000008005d70                . = ALIGN (0x4)
                0x0000000008005d70                __exidx_start = .
 *(.ARM.exidx*)
 .ARM.exidx     0x0000000008005d70        0x8 C:/ST/STM32CubeIDE_1.13.0/STM32CubeIDE/plugins/com.st.stm32cube.ide.mcu.externaltools.gnu-tools-for-stm32.11.3.rel1.win32_1.1.1.202309131626/tools/bin/../lib/gcc/arm-none-eabi/11.3.1/thumb/v7e-m+fp/hard\libgcc.a(_udivmoddi4.o)
                0x0000000008005d78                __exidx_end = .
                0x0000000008005d78                . = ALIGN (0x4)

.rel.dyn        0x0000000008005d78        0x0
 .rel.iplt      0x0000000008005d78        0x0 C:/ST/STM32CubeIDE_1.13.0/STM32CubeIDE/plugins/com.st.stm32cube.ide.mcu.externaltools.gnu-tools-for-stm32.11.3.rel1.win32_1.1.1.202309131626/tools/bin/../lib/gcc/arm-none-eabi/11.3.1/thumb/v7e-m+fp/hard/crtbegin.o

.preinit_array  0x0000000008005d78        0x0
                0x0000000008005d78                . = ALIGN (0x4)
                0x0000000008005d78                PROVIDE (__preinit_array_start = .)
 *(.preinit_array*)
                0x0000000008005d78                PROVIDE (__preinit_array_end = .)
                0x0000000008005d78                . = ALIGN (0x4)

.init_array     0x0000000008005d78        0x4
                0x0000000008005d78                . = ALIGN (0x4)
                0x0000000008005d78                PROVIDE (__init_array_start = .)
 *(SORT_BY_NAME(.init_array.*))
 *(.init_array*)
 .init_array    0x0000000008005d78        0x4 C:/ST/STM32CubeIDE_1.13.0/STM32CubeIDE/plugins/com.st.stm32cube.ide.mcu.externaltools.gnu-tools-for-stm32.11.3.rel1.win32_1.1.1.202309131626/tools/bin/../lib/gcc/arm-none-eabi/11.3.1/thumb/v7e-m+fp/hard/crtbegin.o
                0x0000000008005d7c                PROVIDE (__init_array_end = .)
                0x0000000008005d7c                . = ALIGN (0x4)

.fini_array     0x0000000008005d7c        0x4
                0x0000000008005d7c                . = ALIGN (0x4)
                [!provide]                        PROVIDE (__fini_array_start = .)
 *(SORT_BY_NAME(.fini_array.*))
 *(.fini_array*)
 .fini_array    0x0000000008005d7c        0x4 C:/ST/STM32CubeIDE_1.13.0/STM32CubeIDE/plugins/com.st.stm32cube.ide.mcu.externaltools.gnu-tools-for-stm32.11.3.rel1.win32_1.1.1.202309131626/tools/bin/../lib/gcc/arm-none-eabi/11.3.1/thumb/v7e-m+fp/hard/crtbegin.o
                [!provide]                        PROVIDE (__fini_array_end = .)
                0x0000000008005d80                . = ALIGN (0x4)
                0x0000000008005d80                _sidata = LOADADDR (.data)

.data           0x0000000020000000       0x10 load address 0x0000000008005d80
                0x0000000020000000                . = ALIGN (0x4)
                0x0000000020000000                _sdata = .
 *(.data)
 *(.data*)
 .data.SystemCoreClock
                0x0000000020000000        0x4 ./Core/Src/system_stm32f4xx.o
                0x0000000020000000                SystemCoreClock
 .data.uwTickPrio
                0x0000000020000004        0x4 ./Drivers/STM32F4xx_HAL_Driver/Src/stm32f4xx_hal.o
                0x0000000020000004                uwTickPrio
 .data.uwTickFreq
                0x0000000020000008        0x1 ./Drivers/STM32F4xx_HAL_Driver/Src/stm32f4xx_hal.o
                0x0000000020000008                uwTickFreq
 *fill*         0x0000000020000009        0x3 
 .data.uxCriticalNesting
                0x000000002000000c        0x4 ./Middlewares/Third_Party/FreeRTOS/org/Source/portable/GCC/ARM_CM4F/port.o
 *(.RamFunc)
 *(.RamFunc*)
                0x0000000020000010                . = ALIGN (0x4)
                0x0000000020000010                _edata = .
                0x0000000008005d90                _siccmram = LOADADDR (.ccmram)

.igot.plt       0x0000000020000010        0x0 load address 0x0000000008005d90
 .igot.plt      0x0000000020000010        0x0 C:/ST/STM32CubeIDE_1.13.0/STM32CubeIDE/plugins/com.st.stm32cube.ide.mcu.externaltools.gnu-tools-for-stm32.11.3.rel1.win32_1.1.1.202309131626/tools/bin/../lib/gcc/arm-none-eabi/11.3.1/thumb/v7e-m+fp/hard/crtbegin.o

.ccmram         0x0000000010000000        0x0 load address 0x0000000008005d90
                0x0000000010000000                . = ALIGN (0x4)
                0x0000000010000000                _sccmram = .
 *(.ccmram)
 *(.ccmram*)
                0x0000000010000000                . = ALIGN (0x4)
                0x0000000010000000                _eccmram = .
                0x0000000010000000                . = ALIGN (0x4)

.bss            0x0000000020000010     0x6ff0
                0x0000000020000010                _sbss = .
                0x0000000020000010                __bss_start__ = _sbss
 *(.bss)
 .bss           0x0000000020000010       0x1c C:/ST/STM32CubeIDE_1.13.0/STM32CubeIDE/plugins/com.st.stm32cube.ide.mcu.externaltools.gnu-tools-for-stm32.11.3.rel1.win32_1.1.1.202309131626/tools/bin/../lib/gcc/arm-none-eabi/11.3.1/thumb/v7e-m+fp/hard/crtbegin.o
 *(.bss*)
 .bss.myTask1Handle
                0x000000002000002c        0x4 ./Core/Src/main.o
                0x000000002000002c                myTask1Handle
 .bss.myTask02Handle
                0x0000000020000030        0x4 ./Core/Src/main.o
                0x0000000020000030                myTask02Handle
 .bss.uwTick    0x0000000020000034        0x4 ./Drivers/STM32F4xx_HAL_Driver/Src/stm32f4xx_hal.o
                0x0000000020000034                uwTick
 .bss.KernelState
                0x0000000020000038        0x4 ./Middlewares/Third_Party/FreeRTOS/org/Source/CMSIS_RTOS_V2/cmsis_os2.o
 .bss.Idle_TCB.3
                0x000000002000003c       0x5c ./Middlewares/Third_Party/FreeRTOS/org/Source/CMSIS_RTOS_V2/cmsis_os2.o
 .bss.Idle_Stack.2
                0x0000000020000098      0x200 ./Middlewares/Third_Party/FreeRTOS/org/Source/CMSIS_RTOS_V2/cmsis_os2.o
 .bss.Timer_TCB.1
                0x0000000020000298       0x5c ./Middlewares/Third_Party/FreeRTOS/org/Source/CMSIS_RTOS_V2/cmsis_os2.o
 .bss.Timer_Stack.0
                0x00000000200002f4      0x400 ./Middlewares/Third_Party/FreeRTOS/org/Source/CMSIS_RTOS_V2/cmsis_os2.o
 .bss.xQueueRegistry
                0x00000000200006f4       0x40 ./Middlewares/Third_Party/FreeRTOS/org/Source/queue.o
                0x00000000200006f4                xQueueRegistry
 .bss.pxCurrentTCB
                0x0000000020000734        0x4 ./Middlewares/Third_Party/FreeRTOS/org/Source/tasks.o
                0x0000000020000734                pxCurrentTCB
 .bss.pxReadyTasksLists
                0x0000000020000738      0x460 ./Middlewares/Third_Party/FreeRTOS/org/Source/tasks.o
 .bss.xDelayedTaskList1
                0x0000000020000b98       0x14 ./Middlewares/Third_Party/FreeRTOS/org/Source/tasks.o
 .bss.xDelayedTaskList2
                0x0000000020000bac       0x14 ./Middlewares/Third_Party/FreeRTOS/org/Source/tasks.o
 .bss.pxDelayedTaskList
                0x0000000020000bc0        0x4 ./Middlewares/Third_Party/FreeRTOS/org/Source/tasks.o
 .bss.pxOverflowDelayedTaskList
                0x0000000020000bc4        0x4 ./Middlewares/Third_Party/FreeRTOS/org/Source/tasks.o
 .bss.xPendingReadyList
                0x0000000020000bc8       0x14 ./Middlewares/Third_Party/FreeRTOS/org/Source/tasks.o
 .bss.xTasksWaitingTermination
                0x0000000020000bdc       0x14 ./Middlewares/Third_Party/FreeRTOS/org/Source/tasks.o
 .bss.uxDeletedTasksWaitingCleanUp
                0x0000000020000bf0        0x4 ./Middlewares/Third_Party/FreeRTOS/org/Source/tasks.o
 .bss.xSuspendedTaskList
                0x0000000020000bf4       0x14 ./Middlewares/Third_Party/FreeRTOS/org/Source/tasks.o
 .bss.uxCurrentNumberOfTasks
                0x0000000020000c08        0x4 ./Middlewares/Third_Party/FreeRTOS/org/Source/tasks.o
 .bss.xTickCount
                0x0000000020000c0c        0x4 ./Middlewares/Third_Party/FreeRTOS/org/Source/tasks.o
 .bss.uxTopReadyPriority
                0x0000000020000c10        0x4 ./Middlewares/Third_Party/FreeRTOS/org/Source/tasks.o
 .bss.xSchedulerRunning
                0x0000000020000c14        0x4 ./Middlewares/Third_Party/FreeRTOS/org/Source/tasks.o
 .bss.xPendedTicks
                0x0000000020000c18        0x4 ./Middlewares/Third_Party/FreeRTOS/org/Source/tasks.o
 .bss.xYieldPending
                0x0000000020000c1c        0x4 ./Middlewares/Third_Party/FreeRTOS/org/Source/tasks.o
 .bss.xNumOfOverflows
                0x0000000020000c20        0x4 ./Middlewares/Third_Party/FreeRTOS/org/Source/tasks.o
 .bss.uxTaskNumber
                0x0000000020000c24        0x4 ./Middlewares/Third_Party/FreeRTOS/org/Source/tasks.o
 .bss.xNextTaskUnblockTime
                0x0000000020000c28        0x4 ./Middlewares/Third_Party/FreeRTOS/org/Source/tasks.o
 .bss.xIdleTaskHandle
                0x0000000020000c2c        0x4 ./Middlewares/Third_Party/FreeRTOS/org/Source/tasks.o
 .bss.uxSchedulerSuspended
                0x0000000020000c30        0x4 ./Middlewares/Third_Party/FreeRTOS/org/Source/tasks.o
 .bss.xActiveTimerList1
                0x0000000020000c34       0x14 ./Middlewares/Third_Party/FreeRTOS/org/Source/timers.o
 .bss.xActiveTimerList2
                0x0000000020000c48       0x14 ./Middlewares/Third_Party/FreeRTOS/org/Source/timers.o
 .bss.pxCurrentTimerList
                0x0000000020000c5c        0x4 ./Middlewares/Third_Party/FreeRTOS/org/Source/timers.o
 .bss.pxOverflowTimerList
                0x0000000020000c60        0x4 ./Middlewares/Third_Party/FreeRTOS/org/Source/timers.o
 .bss.xTimerQueue
                0x0000000020000c64        0x4 ./Middlewares/Third_Party/FreeRTOS/org/Source/timers.o
 .bss.xTimerTaskHandle
                0x0000000020000c68        0x4 ./Middlewares/Third_Party/FreeRTOS/org/Source/timers.o
 .bss.xLastTime.2
                0x0000000020000c6c        0x4 ./Middlewares/Third_Party/FreeRTOS/org/Source/timers.o
 .bss.ucStaticTimerQueueStorage.1
                0x0000000020000c70       0xa0 ./Middlewares/Third_Party/FreeRTOS/org/Source/timers.o
 .bss.xStaticTimerQueue.0
                0x0000000020000d10       0x50 ./Middlewares/Third_Party/FreeRTOS/org/Source/timers.o
 .bss.ucMaxSysCallPriority
                0x0000000020000d60        0x1 ./Middlewares/Third_Party/FreeRTOS/org/Source/portable/GCC/ARM_CM4F/port.o
 *fill*         0x0000000020000d61        0x3 
 .bss.ulMaxPRIGROUPValue
                0x0000000020000d64        0x4 ./Middlewares/Third_Party/FreeRTOS/org/Source/portable/GCC/ARM_CM4F/port.o
 .bss.ucHeap    0x0000000020000d68     0x3c00 ./Middlewares/Third_Party/FreeRTOS/org/Source/portable/MemMang/heap_4.o
 .bss.xStart    0x0000000020004968        0x8 ./Middlewares/Third_Party/FreeRTOS/org/Source/portable/MemMang/heap_4.o
 .bss.pxEnd     0x0000000020004970        0x4 ./Middlewares/Third_Party/FreeRTOS/org/Source/portable/MemMang/heap_4.o
 .bss.xFreeBytesRemaining
                0x0000000020004974        0x4 ./Middlewares/Third_Party/FreeRTOS/org/Source/portable/MemMang/heap_4.o
 .bss.xMinimumEverFreeBytesRemaining
                0x0000000020004978        0x4 ./Middlewares/Third_Party/FreeRTOS/org/Source/portable/MemMang/heap_4.o
 .bss.xNumberOfSuccessfulAllocations
                0x000000002000497c        0x4 ./Middlewares/Third_Party/FreeRTOS/org/Source/portable/MemMang/heap_4.o
 .bss.xNumberOfSuccessfulFrees
                0x0000000020004980        0x4 ./Middlewares/Third_Party/FreeRTOS/org/Source/portable/MemMang/heap_4.o
 .bss.xBlockAllocatedBit
                0x0000000020004984        0x4 ./Middlewares/Third_Party/FreeRTOS/org/Source/portable/MemMang/heap_4.o
 .bss._aTasks   0x0000000020004988       0xa0 ./Middlewares/Third_Party/SEGGER/OS/SEGGER_SYSVIEW_FreeRTOS.o
 .bss._NumTasks
                0x0000000020004a28        0x4 ./Middlewares/Third_Party/SEGGER/OS/SEGGER_SYSVIEW_FreeRTOS.o
 .bss._SEGGER_RTT
                0x0000000020004a2c       0xa8 ./Middlewares/Third_Party/SEGGER/SEGGER/SEGGER_RTT.o
                0x0000000020004a2c                _SEGGER_RTT
 .bss._acUpBuffer
                0x0000000020004ad4      0x400 ./Middlewares/Third_Party/SEGGER/SEGGER/SEGGER_RTT.o
 .bss._acDownBuffer
                0x0000000020004ed4       0x10 ./Middlewares/Third_Party/SEGGER/SEGGER/SEGGER_RTT.o
 .bss._UpBuffer
                0x0000000020004ee4     0x2000 ./Middlewares/Third_Party/SEGGER/SEGGER/SEGGER_SYSVIEW.o
 .bss._DownBuffer
                0x0000000020006ee4        0x8 ./Middlewares/Third_Party/SEGGER/SEGGER/SEGGER_SYSVIEW.o
 .bss._SYSVIEW_Globals
                0x0000000020006eec       0x28 ./Middlewares/Third_Party/SEGGER/SEGGER/SEGGER_SYSVIEW.o
 .bss._pFirstModule
                0x0000000020006f14        0x4 ./Middlewares/Third_Party/SEGGER/SEGGER/SEGGER_SYSVIEW.o
 .bss._NumModules
                0x0000000020006f18        0x1 ./Middlewares/Third_Party/SEGGER/SEGGER/SEGGER_SYSVIEW.o
 *fill*         0x0000000020006f19        0x3 
 .bss._aPacket  0x0000000020006f1c       0xe3 ./Middlewares/Third_Party/SEGGER/SEGGER/SEGGER_SYSVIEW.o
 *(COMMON)
                0x0000000020007000                . = ALIGN (0x4)
 *fill*         0x0000000020006fff        0x1 
                0x0000000020007000                _ebss = .
                0x0000000020007000                __bss_end__ = _ebss

._user_heap_stack
                0x0000000020007000      0x600
                0x0000000020007000                . = ALIGN (0x8)
                [!provide]                        PROVIDE (end = .)
                0x0000000020007000                PROVIDE (_end = .)
                0x0000000020007200                . = (. + _Min_Heap_Size)
 *fill*         0x0000000020007000      0x200 
                0x0000000020007600                . = (. + _Min_Stack_Size)
 *fill*         0x0000000020007200      0x400 
                0x0000000020007600                . = ALIGN (0x8)

/DISCARD/
 libc.a(*)
 libm.a(*)
 libgcc.a(*)

.ARM.attributes
                0x0000000000000000       0x30
 *(.ARM.attributes)
 .ARM.attributes
                0x0000000000000000       0x1e C:/ST/STM32CubeIDE_1.13.0/STM32CubeIDE/plugins/com.st.stm32cube.ide.mcu.externaltools.gnu-tools-for-stm32.11.3.rel1.win32_1.1.1.202309131626/tools/bin/../lib/gcc/arm-none-eabi/11.3.1/thumb/v7e-m+fp/hard/crti.o
 .ARM.attributes
                0x000000000000001e       0x34 C:/ST/STM32CubeIDE_1.13.0/STM32CubeIDE/plugins/com.st.stm32cube.ide.mcu.externaltools.gnu-tools-for-stm32.11.3.rel1.win32_1.1.1.202309131626/tools/bin/../lib/gcc/arm-none-eabi/11.3.1/thumb/v7e-m+fp/hard/crtbegin.o
 .ARM.attributes
                0x0000000000000052       0x34 ./Core/Src/main.o
 .ARM.attributes
                0x0000000000000086       0x34 ./Core/Src/stm32f4xx_hal_msp.o
 .ARM.attributes
                0x00000000000000ba       0x34 ./Core/Src/stm32f4xx_it.o
 .ARM.attributes
                0x00000000000000ee       0x34 ./Core/Src/system_stm32f4xx.o
 .ARM.attributes
                0x0000000000000122       0x21 ./Core/Startup/startup_stm32f407vgtx.o
 .ARM.attributes
                0x0000000000000143       0x34 ./Drivers/STM32F4xx_HAL_Driver/Src/stm32f4xx_hal.o
 .ARM.attributes
                0x0000000000000177       0x34 ./Drivers/STM32F4xx_HAL_Driver/Src/stm32f4xx_hal_cortex.o
 .ARM.attributes
                0x00000000000001ab       0x34 ./Drivers/STM32F4xx_HAL_Driver/Src/stm32f4xx_hal_rcc.o
 .ARM.attributes
                0x00000000000001df       0x34 ./Middlewares/Third_Party/FreeRTOS/org/Source/CMSIS_RTOS_V2/cmsis_os2.o
 .ARM.attributes
                0x0000000000000213       0x34 ./Middlewares/Third_Party/FreeRTOS/org/Source/list.o
 .ARM.attributes
                0x0000000000000247       0x34 ./Middlewares/Third_Party/FreeRTOS/org/Source/queue.o
 .ARM.attributes
                0x000000000000027b       0x34 ./Middlewares/Third_Party/FreeRTOS/org/Source/tasks.o
 .ARM.attributes
                0x00000000000002af       0x34 ./Middlewares/Third_Party/FreeRTOS/org/Source/timers.o
 .ARM.attributes
                0x00000000000002e3       0x34 ./Middlewares/Third_Party/FreeRTOS/org/Source/portable/GCC/ARM_CM4F/port.o
 .ARM.attributes
                0x0000000000000317       0x34 ./Middlewares/Third_Party/FreeRTOS/org/Source/portable/MemMang/heap_4.o
 .ARM.attributes
                0x000000000000034b       0x34 ./Middlewares/Third_Party/SEGGER/Config/SEGGER_SYSVIEW_Config_FreeRTOS.o
 .ARM.attributes
                0x000000000000037f       0x34 ./Middlewares/Third_Party/SEGGER/OS/SEGGER_SYSVIEW_FreeRTOS.o
 .ARM.attributes
                0x00000000000003b3       0x34 ./Middlewares/Third_Party/SEGGER/SEGGER/SEGGER_RTT.o
 .ARM.attributes
                0x00000000000003e7       0x34 ./Middlewares/Third_Party/SEGGER/SEGGER/SEGGER_SYSVIEW.o
 .ARM.attributes
                0x000000000000041b       0x34 C:/ST/STM32CubeIDE_1.13.0/STM32CubeIDE/plugins/com.st.stm32cube.ide.mcu.externaltools.gnu-tools-for-stm32.11.3.rel1.win32_1.1.1.202309131626/tools/bin/../lib/gcc/arm-none-eabi/11.3.1/../../../../arm-none-eabi/lib/thumb/v7e-m+fp/hard\libc_nano.a(libc_a-memcmp.o)
 .ARM.attributes
                0x000000000000044f       0x34 C:/ST/STM32CubeIDE_1.13.0/STM32CubeIDE/plugins/com.st.stm32cube.ide.mcu.externaltools.gnu-tools-for-stm32.11.3.rel1.win32_1.1.1.202309131626/tools/bin/../lib/gcc/arm-none-eabi/11.3.1/../../../../arm-none-eabi/lib/thumb/v7e-m+fp/hard\libc_nano.a(libc_a-memset.o)
 .ARM.attributes
                0x0000000000000483       0x34 C:/ST/STM32CubeIDE_1.13.0/STM32CubeIDE/plugins/com.st.stm32cube.ide.mcu.externaltools.gnu-tools-for-stm32.11.3.rel1.win32_1.1.1.202309131626/tools/bin/../lib/gcc/arm-none-eabi/11.3.1/../../../../arm-none-eabi/lib/thumb/v7e-m+fp/hard\libc_nano.a(libc_a-init.o)
 .ARM.attributes
                0x00000000000004b7       0x34 C:/ST/STM32CubeIDE_1.13.0/STM32CubeIDE/plugins/com.st.stm32cube.ide.mcu.externaltools.gnu-tools-for-stm32.11.3.rel1.win32_1.1.1.202309131626/tools/bin/../lib/gcc/arm-none-eabi/11.3.1/../../../../arm-none-eabi/lib/thumb/v7e-m+fp/hard\libc_nano.a(libc_a-memcpy-stub.o)
 .ARM.attributes
                0x00000000000004eb       0x1e C:/ST/STM32CubeIDE_1.13.0/STM32CubeIDE/plugins/com.st.stm32cube.ide.mcu.externaltools.gnu-tools-for-stm32.11.3.rel1.win32_1.1.1.202309131626/tools/bin/../lib/gcc/arm-none-eabi/11.3.1/thumb/v7e-m+fp/hard\libgcc.a(_aeabi_uldivmod.o)
 .ARM.attributes
                0x0000000000000509       0x34 C:/ST/STM32CubeIDE_1.13.0/STM32CubeIDE/plugins/com.st.stm32cube.ide.mcu.externaltools.gnu-tools-for-stm32.11.3.rel1.win32_1.1.1.202309131626/tools/bin/../lib/gcc/arm-none-eabi/11.3.1/thumb/v7e-m+fp/hard\libgcc.a(_udivmoddi4.o)
 .ARM.attributes
                0x000000000000053d       0x1e C:/ST/STM32CubeIDE_1.13.0/STM32CubeIDE/plugins/com.st.stm32cube.ide.mcu.externaltools.gnu-tools-for-stm32.11.3.rel1.win32_1.1.1.202309131626/tools/bin/../lib/gcc/arm-none-eabi/11.3.1/thumb/v7e-m+fp/hard\libgcc.a(_dvmd_tls.o)
 .ARM.attributes
                0x000000000000055b       0x1e C:/ST/STM32CubeIDE_1.13.0/STM32CubeIDE/plugins/com.st.stm32cube.ide.mcu.externaltools.gnu-tools-for-stm32.11.3.rel1.win32_1.1.1.202309131626/tools/bin/../lib/gcc/arm-none-eabi/11.3.1/thumb/v7e-m+fp/hard/crtn.o
OUTPUT(project_rtos.elf elf32-littlearm)
LOAD linker stubs
LOAD C:/ST/STM32CubeIDE_1.13.0/STM32CubeIDE/plugins/com.st.stm32cube.ide.mcu.externaltools.gnu-tools-for-stm32.11.3.rel1.win32_1.1.1.202309131626/tools/bin/../lib/gcc/arm-none-eabi/11.3.1/../../../../arm-none-eabi/lib/thumb/v7e-m+fp/hard\libc.a
LOAD C:/ST/STM32CubeIDE_1.13.0/STM32CubeIDE/plugins/com.st.stm32cube.ide.mcu.externaltools.gnu-tools-for-stm32.11.3.rel1.win32_1.1.1.202309131626/tools/bin/../lib/gcc/arm-none-eabi/11.3.1/../../../../arm-none-eabi/lib/thumb/v7e-m+fp/hard\libm.a
LOAD C:/ST/STM32CubeIDE_1.13.0/STM32CubeIDE/plugins/com.st.stm32cube.ide.mcu.externaltools.gnu-tools-for-stm32.11.3.rel1.win32_1.1.1.202309131626/tools/bin/../lib/gcc/arm-none-eabi/11.3.1/thumb/v7e-m+fp/hard\libgcc.a

.comment        0x0000000000000000       0x43
 .comment       0x0000000000000000       0x43 C:/ST/STM32CubeIDE_1.13.0/STM32CubeIDE/plugins/com.st.stm32cube.ide.mcu.externaltools.gnu-tools-for-stm32.11.3.rel1.win32_1.1.1.202309131626/tools/bin/../lib/gcc/arm-none-eabi/11.3.1/thumb/v7e-m+fp/hard/crtbegin.o
                                         0x44 (size before relaxing)
 .comment       0x0000000000000043       0x44 ./Core/Src/main.o
 .comment       0x0000000000000043       0x44 ./Core/Src/stm32f4xx_hal_msp.o
 .comment       0x0000000000000043       0x44 ./Core/Src/stm32f4xx_it.o
 .comment       0x0000000000000043       0x44 ./Core/Src/system_stm32f4xx.o
 .comment       0x0000000000000043       0x44 ./Drivers/STM32F4xx_HAL_Driver/Src/stm32f4xx_hal.o
 .comment       0x0000000000000043       0x44 ./Drivers/STM32F4xx_HAL_Driver/Src/stm32f4xx_hal_cortex.o
 .comment       0x0000000000000043       0x44 ./Drivers/STM32F4xx_HAL_Driver/Src/stm32f4xx_hal_rcc.o
 .comment       0x0000000000000043       0x44 ./Middlewares/Third_Party/FreeRTOS/org/Source/CMSIS_RTOS_V2/cmsis_os2.o
 .comment       0x0000000000000043       0x44 ./Middlewares/Third_Party/FreeRTOS/org/Source/list.o
 .comment       0x0000000000000043       0x44 ./Middlewares/Third_Party/FreeRTOS/org/Source/queue.o
 .comment       0x0000000000000043       0x44 ./Middlewares/Third_Party/FreeRTOS/org/Source/tasks.o
 .comment       0x0000000000000043       0x44 ./Middlewares/Third_Party/FreeRTOS/org/Source/timers.o
 .comment       0x0000000000000043       0x44 ./Middlewares/Third_Party/FreeRTOS/org/Source/portable/GCC/ARM_CM4F/port.o
 .comment       0x0000000000000043       0x44 ./Middlewares/Third_Party/FreeRTOS/org/Source/portable/MemMang/heap_4.o
 .comment       0x0000000000000043       0x44 ./Middlewares/Third_Party/SEGGER/Config/SEGGER_SYSVIEW_Config_FreeRTOS.o
 .comment       0x0000000000000043       0x44 ./Middlewares/Third_Party/SEGGER/OS/SEGGER_SYSVIEW_FreeRTOS.o
 .comment       0x0000000000000043       0x44 ./Middlewares/Third_Party/SEGGER/SEGGER/SEGGER_RTT.o
 .comment       0x0000000000000043       0x44 ./Middlewares/Third_Party/SEGGER/SEGGER/SEGGER_SYSVIEW.o

.debug_info     0x0000000000000000    0x1182f
 .debug_info    0x0000000000000000      0xa35 ./Core/Src/main.o
 .debug_info    0x0000000000000a35      0x4b7 ./Core/Src/stm32f4xx_hal_msp.o
 .debug_info    0x0000000000000eec      0x11a ./Core/Src/stm32f4xx_it.o
 .debug_info    0x0000000000001006      0x512 ./Core/Src/system_stm32f4xx.o
 .debug_info    0x0000000000001518       0x23 ./Core/Startup/startup_stm32f407vgtx.o
 .debug_info    0x000000000000153b      0x948 ./Drivers/STM32F4xx_HAL_Driver/Src/stm32f4xx_hal.o
 .debug_info    0x0000000000001e83      0xd46 ./Drivers/STM32F4xx_HAL_Driver/Src/stm32f4xx_hal_cortex.o
 .debug_info    0x0000000000002bc9      0x8b1 ./Drivers/STM32F4xx_HAL_Driver/Src/stm32f4xx_hal_rcc.o
 .debug_info    0x000000000000347a     0x3a53 ./Middlewares/Third_Party/FreeRTOS/org/Source/CMSIS_RTOS_V2/cmsis_os2.o
 .debug_info    0x0000000000006ecd      0x2af ./Middlewares/Third_Party/FreeRTOS/org/Source/list.o
 .debug_info    0x000000000000717c     0x1c12 ./Middlewares/Third_Party/FreeRTOS/org/Source/queue.o
 .debug_info    0x0000000000008d8e     0x23cc ./Middlewares/Third_Party/FreeRTOS/org/Source/tasks.o
 .debug_info    0x000000000000b15a     0x1488 ./Middlewares/Third_Party/FreeRTOS/org/Source/timers.o
 .debug_info    0x000000000000c5e2      0x557 ./Middlewares/Third_Party/FreeRTOS/org/Source/portable/GCC/ARM_CM4F/port.o
 .debug_info    0x000000000000cb39      0x4d5 ./Middlewares/Third_Party/FreeRTOS/org/Source/portable/MemMang/heap_4.o
 .debug_info    0x000000000000d00e      0x173 ./Middlewares/Third_Party/SEGGER/Config/SEGGER_SYSVIEW_Config_FreeRTOS.o
 .debug_info    0x000000000000d181      0x44b ./Middlewares/Third_Party/SEGGER/OS/SEGGER_SYSVIEW_FreeRTOS.o
 .debug_info    0x000000000000d5cc      0xef3 ./Middlewares/Third_Party/SEGGER/SEGGER/SEGGER_RTT.o
 .debug_info    0x000000000000e4bf     0x3370 ./Middlewares/Third_Party/SEGGER/SEGGER/SEGGER_SYSVIEW.o

.debug_abbrev   0x0000000000000000     0x2a3a
 .debug_abbrev  0x0000000000000000      0x297 ./Core/Src/main.o
 .debug_abbrev  0x0000000000000297      0x119 ./Core/Src/stm32f4xx_hal_msp.o
 .debug_abbrev  0x00000000000003b0       0x97 ./Core/Src/stm32f4xx_it.o
 .debug_abbrev  0x0000000000000447      0x11a ./Core/Src/system_stm32f4xx.o
 .debug_abbrev  0x0000000000000561       0x12 ./Core/Startup/startup_stm32f407vgtx.o
 .debug_abbrev  0x0000000000000573      0x213 ./Drivers/STM32F4xx_HAL_Driver/Src/stm32f4xx_hal.o
 .debug_abbrev  0x0000000000000786      0x327 ./Drivers/STM32F4xx_HAL_Driver/Src/stm32f4xx_hal_cortex.o
 .debug_abbrev  0x0000000000000aad      0x2b6 ./Drivers/STM32F4xx_HAL_Driver/Src/stm32f4xx_hal_rcc.o
 .debug_abbrev  0x0000000000000d63      0x508 ./Middlewares/Third_Party/FreeRTOS/org/Source/CMSIS_RTOS_V2/cmsis_os2.o
 .debug_abbrev  0x000000000000126b       0xf5 ./Middlewares/Third_Party/FreeRTOS/org/Source/list.o
 .debug_abbrev  0x0000000000001360      0x3b5 ./Middlewares/Third_Party/FreeRTOS/org/Source/queue.o
 .debug_abbrev  0x0000000000001715      0x3a8 ./Middlewares/Third_Party/FreeRTOS/org/Source/tasks.o
 .debug_abbrev  0x0000000000001abd      0x352 ./Middlewares/Third_Party/FreeRTOS/org/Source/timers.o
 .debug_abbrev  0x0000000000001e0f      0x27a ./Middlewares/Third_Party/FreeRTOS/org/Source/portable/GCC/ARM_CM4F/port.o
 .debug_abbrev  0x0000000000002089      0x21d ./Middlewares/Third_Party/FreeRTOS/org/Source/portable/MemMang/heap_4.o
 .debug_abbrev  0x00000000000022a6       0xdf ./Middlewares/Third_Party/SEGGER/Config/SEGGER_SYSVIEW_Config_FreeRTOS.o
 .debug_abbrev  0x0000000000002385      0x1c4 ./Middlewares/Third_Party/SEGGER/OS/SEGGER_SYSVIEW_FreeRTOS.o
 .debug_abbrev  0x0000000000002549      0x22d ./Middlewares/Third_Party/SEGGER/SEGGER/SEGGER_RTT.o
 .debug_abbrev  0x0000000000002776      0x2c4 ./Middlewares/Third_Party/SEGGER/SEGGER/SEGGER_SYSVIEW.o

.debug_aranges  0x0000000000000000      0xfa8
 .debug_aranges
                0x0000000000000000       0x48 ./Core/Src/main.o
 .debug_aranges
                0x0000000000000048       0x20 ./Core/Src/stm32f4xx_hal_msp.o
 .debug_aranges
                0x0000000000000068       0x50 ./Core/Src/stm32f4xx_it.o
 .debug_aranges
                0x00000000000000b8       0x28 ./Core/Src/system_stm32f4xx.o
 .debug_aranges
                0x00000000000000e0       0x28 ./Core/Startup/startup_stm32f407vgtx.o
 .debug_aranges
                0x0000000000000108       0xf0 ./Drivers/STM32F4xx_HAL_Driver/Src/stm32f4xx_hal.o
 .debug_aranges
                0x00000000000001f8      0x118 ./Drivers/STM32F4xx_HAL_Driver/Src/stm32f4xx_hal_cortex.o
 .debug_aranges
                0x0000000000000310       0x88 ./Drivers/STM32F4xx_HAL_Driver/Src/stm32f4xx_hal_rcc.o
 .debug_aranges
                0x0000000000000398      0x2a8 ./Middlewares/Third_Party/FreeRTOS/org/Source/CMSIS_RTOS_V2/cmsis_os2.o
 .debug_aranges
                0x0000000000000640       0x40 ./Middlewares/Third_Party/FreeRTOS/org/Source/list.o
 .debug_aranges
                0x0000000000000680      0x158 ./Middlewares/Third_Party/FreeRTOS/org/Source/queue.o
 .debug_aranges
                0x00000000000007d8      0x218 ./Middlewares/Third_Party/FreeRTOS/org/Source/tasks.o
 .debug_aranges
                0x00000000000009f0       0xf0 ./Middlewares/Third_Party/FreeRTOS/org/Source/timers.o
 .debug_aranges
                0x0000000000000ae0       0x88 ./Middlewares/Third_Party/FreeRTOS/org/Source/portable/GCC/ARM_CM4F/port.o
 .debug_aranges
                0x0000000000000b68       0x58 ./Middlewares/Third_Party/FreeRTOS/org/Source/portable/MemMang/heap_4.o
 .debug_aranges
                0x0000000000000bc0       0x28 ./Middlewares/Third_Party/SEGGER/Config/SEGGER_SYSVIEW_Config_FreeRTOS.o
 .debug_aranges
                0x0000000000000be8       0x48 ./Middlewares/Third_Party/SEGGER/OS/SEGGER_SYSVIEW_FreeRTOS.o
 .debug_aranges
                0x0000000000000c30      0x110 ./Middlewares/Third_Party/SEGGER/SEGGER/SEGGER_RTT.o
 .debug_aranges
                0x0000000000000d40      0x268 ./Middlewares/Third_Party/SEGGER/SEGGER/SEGGER_SYSVIEW.o

.debug_rnglists
                0x0000000000000000      0xbed
 .debug_rnglists
                0x0000000000000000       0x32 ./Core/Src/main.o
 .debug_rnglists
                0x0000000000000032       0x13 ./Core/Src/stm32f4xx_hal_msp.o
 .debug_rnglists
                0x0000000000000045       0x37 ./Core/Src/stm32f4xx_it.o
 .debug_rnglists
                0x000000000000007c       0x1a ./Core/Src/system_stm32f4xx.o
 .debug_rnglists
                0x0000000000000096       0x19 ./Core/Startup/startup_stm32f407vgtx.o
 .debug_rnglists
                0x00000000000000af       0xaf ./Drivers/STM32F4xx_HAL_Driver/Src/stm32f4xx_hal.o
 .debug_rnglists
                0x000000000000015e       0xce ./Drivers/STM32F4xx_HAL_Driver/Src/stm32f4xx_hal_cortex.o
 .debug_rnglists
                0x000000000000022c       0x66 ./Drivers/STM32F4xx_HAL_Driver/Src/stm32f4xx_hal_rcc.o
 .debug_rnglists
                0x0000000000000292      0x20c ./Middlewares/Third_Party/FreeRTOS/org/Source/CMSIS_RTOS_V2/cmsis_os2.o
 .debug_rnglists
                0x000000000000049e       0x2b ./Middlewares/Third_Party/FreeRTOS/org/Source/list.o
 .debug_rnglists
                0x00000000000004c9      0x109 ./Middlewares/Third_Party/FreeRTOS/org/Source/queue.o
 .debug_rnglists
                0x00000000000005d2      0x1ac ./Middlewares/Third_Party/FreeRTOS/org/Source/tasks.o
 .debug_rnglists
                0x000000000000077e       0xb7 ./Middlewares/Third_Party/FreeRTOS/org/Source/timers.o
 .debug_rnglists
                0x0000000000000835       0x64 ./Middlewares/Third_Party/FreeRTOS/org/Source/portable/GCC/ARM_CM4F/port.o
 .debug_rnglists
                0x0000000000000899       0x42 ./Middlewares/Third_Party/FreeRTOS/org/Source/portable/MemMang/heap_4.o
 .debug_rnglists
                0x00000000000008db       0x19 ./Middlewares/Third_Party/SEGGER/Config/SEGGER_SYSVIEW_Config_FreeRTOS.o
 .debug_rnglists
                0x00000000000008f4       0x36 ./Middlewares/Third_Party/SEGGER/OS/SEGGER_SYSVIEW_FreeRTOS.o
 .debug_rnglists
                0x000000000000092a       0xd6 ./Middlewares/Third_Party/SEGGER/SEGGER/SEGGER_RTT.o
 .debug_rnglists
                0x0000000000000a00      0x1ed ./Middlewares/Third_Party/SEGGER/SEGGER/SEGGER_SYSVIEW.o

.debug_macro    0x0000000000000000     0x2fe2
 .debug_macro   0x0000000000000000      0x28a ./Core/Src/main.o
 .debug_macro   0x000000000000028a      0x175 ./Core/Src/main.o
 .debug_macro   0x00000000000003ff       0x66 ./Core/Src/main.o
 .debug_macro   0x0000000000000465       0x74 ./Core/Src/main.o
 .debug_macro   0x00000000000004d9       0xdd ./Core/Src/main.o
 .debug_macro   0x00000000000005b6      0x1ba ./Core/Src/stm32f4xx_hal_msp.o
 .debug_macro   0x0000000000000770      0x26c ./Core/Src/stm32f4xx_it.o
 .debug_macro   0x00000000000009dc      0x1b0 ./Core/Src/system_stm32f4xx.o
 .debug_macro   0x0000000000000b8c      0x210 ./Drivers/STM32F4xx_HAL_Driver/Src/stm32f4xx_hal.o
 .debug_macro   0x0000000000000d9c      0x1b0 ./Drivers/STM32F4xx_HAL_Driver/Src/stm32f4xx_hal_cortex.o
 .debug_macro   0x0000000000000f4c      0x1d4 ./Drivers/STM32F4xx_HAL_Driver/Src/stm32f4xx_hal_rcc.o
 .debug_macro   0x0000000000001120      0x3e7 ./Middlewares/Third_Party/FreeRTOS/org/Source/CMSIS_RTOS_V2/cmsis_os2.o
 .debug_macro   0x0000000000001507       0x10 ./Middlewares/Third_Party/FreeRTOS/org/Source/CMSIS_RTOS_V2/cmsis_os2.o
 .debug_macro   0x0000000000001517       0x20 ./Middlewares/Third_Party/FreeRTOS/org/Source/CMSIS_RTOS_V2/cmsis_os2.o
 .debug_macro   0x0000000000001537       0x10 ./Middlewares/Third_Party/FreeRTOS/org/Source/CMSIS_RTOS_V2/cmsis_os2.o
 .debug_macro   0x0000000000001547       0xd3 ./Middlewares/Third_Party/FreeRTOS/org/Source/CMSIS_RTOS_V2/cmsis_os2.o
 .debug_macro   0x000000000000161a       0x91 ./Middlewares/Third_Party/FreeRTOS/org/Source/CMSIS_RTOS_V2/cmsis_os2.o
 .debug_macro   0x00000000000016ab       0x8d ./Middlewares/Third_Party/FreeRTOS/org/Source/CMSIS_RTOS_V2/cmsis_os2.o
 .debug_macro   0x0000000000001738       0x9a ./Middlewares/Third_Party/FreeRTOS/org/Source/CMSIS_RTOS_V2/cmsis_os2.o
 .debug_macro   0x00000000000017d2       0x22 ./Middlewares/Third_Party/FreeRTOS/org/Source/CMSIS_RTOS_V2/cmsis_os2.o
 .debug_macro   0x00000000000017f4       0x56 ./Middlewares/Third_Party/FreeRTOS/org/Source/CMSIS_RTOS_V2/cmsis_os2.o
 .debug_macro   0x000000000000184a      0x1c7 ./Middlewares/Third_Party/FreeRTOS/org/Source/list.o
 .debug_macro   0x0000000000001a11      0x256 ./Middlewares/Third_Party/FreeRTOS/org/Source/queue.o
 .debug_macro   0x0000000000001c67       0x16 ./Middlewares/Third_Party/FreeRTOS/org/Source/queue.o
 .debug_macro   0x0000000000001c7d       0x87 ./Middlewares/Third_Party/FreeRTOS/org/Source/queue.o
 .debug_macro   0x0000000000001d04      0x2c6 ./Middlewares/Third_Party/FreeRTOS/org/Source/tasks.o
 .debug_macro   0x0000000000001fca       0x10 ./Middlewares/Third_Party/FreeRTOS/org/Source/tasks.o
 .debug_macro   0x0000000000001fda      0x21c ./Middlewares/Third_Party/FreeRTOS/org/Source/timers.o
 .debug_macro   0x00000000000021f6       0x97 ./Middlewares/Third_Party/FreeRTOS/org/Source/timers.o
 .debug_macro   0x000000000000228d      0x1d6 ./Middlewares/Third_Party/FreeRTOS/org/Source/portable/GCC/ARM_CM4F/port.o
 .debug_macro   0x0000000000002463      0x1ee ./Middlewares/Third_Party/FreeRTOS/org/Source/portable/MemMang/heap_4.o
 .debug_macro   0x0000000000002651      0x116 ./Middlewares/Third_Party/SEGGER/Config/SEGGER_SYSVIEW_Config_FreeRTOS.o
 .debug_macro   0x0000000000002767      0x1e2 ./Middlewares/Third_Party/SEGGER/OS/SEGGER_SYSVIEW_FreeRTOS.o
 .debug_macro   0x0000000000002949      0x176 ./Middlewares/Third_Party/SEGGER/SEGGER/SEGGER_RTT.o
 .debug_macro   0x0000000000002abf       0x4f ./Middlewares/Third_Party/SEGGER/SEGGER/SEGGER_RTT.o
 .debug_macro   0x0000000000002b0e      0x115 ./Middlewares/Third_Party/SEGGER/SEGGER/SEGGER_RTT.o
 .debug_macro   0x0000000000002c23      0x20a ./Middlewares/Third_Party/SEGGER/SEGGER/SEGGER_SYSVIEW.o
 .debug_macro   0x0000000000002e2d       0x65 ./Middlewares/Third_Party/SEGGER/SEGGER/SEGGER_SYSVIEW.o
 .debug_macro   0x0000000000002e92       0x35 ./Middlewares/Third_Party/SEGGER/SEGGER/SEGGER_SYSVIEW.o
 .debug_macro   0x0000000000002ec7      0x11b ./Middlewares/Third_Party/SEGGER/SEGGER/SEGGER_SYSVIEW.o

.debug_line     0x0000000000000000    0x10f5e
 .debug_line    0x0000000000000000      0xa63 ./Core/Src/main.o
 .debug_line    0x0000000000000a63      0x6ff ./Core/Src/stm32f4xx_hal_msp.o
 .debug_line    0x0000000000001162      0x9e4 ./Core/Src/stm32f4xx_it.o
 .debug_line    0x0000000000001b46      0x77f ./Core/Src/system_stm32f4xx.o
 .debug_line    0x00000000000022c5       0x7a ./Core/Startup/startup_stm32f407vgtx.o
 .debug_line    0x000000000000233f      0x9e5 ./Drivers/STM32F4xx_HAL_Driver/Src/stm32f4xx_hal.o
 .debug_line    0x0000000000002d24      0xc94 ./Drivers/STM32F4xx_HAL_Driver/Src/stm32f4xx_hal_cortex.o
 .debug_line    0x00000000000039b8      0xd5c ./Drivers/STM32F4xx_HAL_Driver/Src/stm32f4xx_hal_rcc.o
 .debug_line    0x0000000000004714     0x251a ./Middlewares/Third_Party/FreeRTOS/org/Source/CMSIS_RTOS_V2/cmsis_os2.o
 .debug_line    0x0000000000006c2e      0x8ce ./Middlewares/Third_Party/FreeRTOS/org/Source/list.o
 .debug_line    0x00000000000074fc     0x18c8 ./Middlewares/Third_Party/FreeRTOS/org/Source/queue.o
 .debug_line    0x0000000000008dc4     0x203e ./Middlewares/Third_Party/FreeRTOS/org/Source/tasks.o
 .debug_line    0x000000000000ae02      0xf32 ./Middlewares/Third_Party/FreeRTOS/org/Source/timers.o
 .debug_line    0x000000000000bd34      0xa16 ./Middlewares/Third_Party/FreeRTOS/org/Source/portable/GCC/ARM_CM4F/port.o
 .debug_line    0x000000000000c74a      0xaf5 ./Middlewares/Third_Party/FreeRTOS/org/Source/portable/MemMang/heap_4.o
 .debug_line    0x000000000000d23f      0x6a0 ./Middlewares/Third_Party/SEGGER/Config/SEGGER_SYSVIEW_Config_FreeRTOS.o
 .debug_line    0x000000000000d8df      0x9b1 ./Middlewares/Third_Party/SEGGER/OS/SEGGER_SYSVIEW_FreeRTOS.o
 .debug_line    0x000000000000e290      0xdc4 ./Middlewares/Third_Party/SEGGER/SEGGER/SEGGER_RTT.o
 .debug_line    0x000000000000f054     0x1f0a ./Middlewares/Third_Party/SEGGER/SEGGER/SEGGER_SYSVIEW.o

.debug_str      0x0000000000000000    0xcf2f5
 .debug_str     0x0000000000000000    0xc2efc ./Core/Src/main.o
                                      0xc31fb (size before relaxing)
 .debug_str     0x00000000000c2efc      0x51c ./Core/Src/stm32f4xx_hal_msp.o
                                      0xbaf98 (size before relaxing)
 .debug_str     0x00000000000c3418       0xd9 ./Core/Src/stm32f4xx_it.o
                                      0xc1df5 (size before relaxing)
 .debug_str     0x00000000000c34f1       0xdb ./Core/Src/system_stm32f4xx.o
                                      0xbab3b (size before relaxing)
 .debug_str     0x00000000000c35cc       0x34 ./Core/Startup/startup_stm32f407vgtx.o
                                         0x63 (size before relaxing)
 .debug_str     0x00000000000c3600      0x619 ./Drivers/STM32F4xx_HAL_Driver/Src/stm32f4xx_hal.o
                                      0xbb6bf (size before relaxing)
 .debug_str     0x00000000000c3c19      0x344 ./Drivers/STM32F4xx_HAL_Driver/Src/stm32f4xx_hal_cortex.o
                                      0xbb3f2 (size before relaxing)
 .debug_str     0x00000000000c3f5d      0x2b4 ./Drivers/STM32F4xx_HAL_Driver/Src/stm32f4xx_hal_rcc.o
                                      0xbaf6f (size before relaxing)
 .debug_str     0x00000000000c4211     0x6117 ./Middlewares/Third_Party/FreeRTOS/org/Source/CMSIS_RTOS_V2/cmsis_os2.o
                                      0xc8d51 (size before relaxing)
 .debug_str     0x00000000000ca328      0x213 ./Middlewares/Third_Party/FreeRTOS/org/Source/list.o
                                       0xe07a (size before relaxing)
 .debug_str     0x00000000000ca53b      0x918 ./Middlewares/Third_Party/FreeRTOS/org/Source/queue.o
                                       0xfc3c (size before relaxing)
 .debug_str     0x00000000000cae53     0x129b ./Middlewares/Third_Party/FreeRTOS/org/Source/tasks.o
                                      0x10912 (size before relaxing)
 .debug_str     0x00000000000cc0ee      0x5b3 ./Middlewares/Third_Party/FreeRTOS/org/Source/timers.o
                                      0x100ec (size before relaxing)
 .debug_str     0x00000000000cc6a1      0x7d7 ./Middlewares/Third_Party/FreeRTOS/org/Source/portable/GCC/ARM_CM4F/port.o
                                       0xbd40 (size before relaxing)
 .debug_str     0x00000000000cce78      0x328 ./Middlewares/Third_Party/FreeRTOS/org/Source/portable/MemMang/heap_4.o
                                       0xe9bc (size before relaxing)
 .debug_str     0x00000000000cd1a0      0x1c7 ./Middlewares/Third_Party/SEGGER/Config/SEGGER_SYSVIEW_Config_FreeRTOS.o
                                       0xa777 (size before relaxing)
 .debug_str     0x00000000000cd367       0xf9 ./Middlewares/Third_Party/SEGGER/OS/SEGGER_SYSVIEW_FreeRTOS.o
                                       0xe772 (size before relaxing)
 .debug_str     0x00000000000cd460      0xddd ./Middlewares/Third_Party/SEGGER/SEGGER/SEGGER_RTT.o
                                       0x7472 (size before relaxing)
 .debug_str     0x00000000000ce23d     0x10b8 ./Middlewares/Third_Party/SEGGER/SEGGER/SEGGER_SYSVIEW.o
                                       0x9460 (size before relaxing)

.debug_frame    0x0000000000000000     0x4128
 .debug_frame   0x0000000000000000       0xd0 ./Core/Src/main.o
 .debug_frame   0x00000000000000d0       0x34 ./Core/Src/stm32f4xx_hal_msp.o
 .debug_frame   0x0000000000000104       0xc4 ./Core/Src/stm32f4xx_it.o
 .debug_frame   0x00000000000001c8       0x58 ./Core/Src/system_stm32f4xx.o
 .debug_frame   0x0000000000000220      0x374 ./Drivers/STM32F4xx_HAL_Driver/Src/stm32f4xx_hal.o
 .debug_frame   0x0000000000000594      0x498 ./Drivers/STM32F4xx_HAL_Driver/Src/stm32f4xx_hal_cortex.o
 .debug_frame   0x0000000000000a2c      0x1f4 ./Drivers/STM32F4xx_HAL_Driver/Src/stm32f4xx_hal_rcc.o
 .debug_frame   0x0000000000000c20      0xbc8 ./Middlewares/Third_Party/FreeRTOS/org/Source/CMSIS_RTOS_V2/cmsis_os2.o
 .debug_frame   0x00000000000017e8       0xd8 ./Middlewares/Third_Party/FreeRTOS/org/Source/list.o
 .debug_frame   0x00000000000018c0      0x5fc ./Middlewares/Third_Party/FreeRTOS/org/Source/queue.o
 .debug_frame   0x0000000000001ebc      0x954 ./Middlewares/Third_Party/FreeRTOS/org/Source/tasks.o
 .debug_frame   0x0000000000002810      0x400 ./Middlewares/Third_Party/FreeRTOS/org/Source/timers.o
 .debug_frame   0x0000000000002c10      0x1d0 ./Middlewares/Third_Party/FreeRTOS/org/Source/portable/GCC/ARM_CM4F/port.o
 .debug_frame   0x0000000000002de0      0x12c ./Middlewares/Third_Party/FreeRTOS/org/Source/portable/MemMang/heap_4.o
 .debug_frame   0x0000000000002f0c       0x48 ./Middlewares/Third_Party/SEGGER/Config/SEGGER_SYSVIEW_Config_FreeRTOS.o
 .debug_frame   0x0000000000002f54      0x104 ./Middlewares/Third_Party/SEGGER/OS/SEGGER_SYSVIEW_FreeRTOS.o
 .debug_frame   0x0000000000003058      0x478 ./Middlewares/Third_Party/SEGGER/SEGGER/SEGGER_RTT.o
 .debug_frame   0x00000000000034d0      0xb5c ./Middlewares/Third_Party/SEGGER/SEGGER/SEGGER_SYSVIEW.o
 .debug_frame   0x000000000000402c       0x28 C:/ST/STM32CubeIDE_1.13.0/STM32CubeIDE/plugins/com.st.stm32cube.ide.mcu.externaltools.gnu-tools-for-stm32.11.3.rel1.win32_1.1.1.202309131626/tools/bin/../lib/gcc/arm-none-eabi/11.3.1/../../../../arm-none-eabi/lib/thumb/v7e-m+fp/hard\libc_nano.a(libc_a-memcmp.o)
 .debug_frame   0x0000000000004054       0x20 C:/ST/STM32CubeIDE_1.13.0/STM32CubeIDE/plugins/com.st.stm32cube.ide.mcu.externaltools.gnu-tools-for-stm32.11.3.rel1.win32_1.1.1.202309131626/tools/bin/../lib/gcc/arm-none-eabi/11.3.1/../../../../arm-none-eabi/lib/thumb/v7e-m+fp/hard\libc_nano.a(libc_a-memset.o)
 .debug_frame   0x0000000000004074       0x2c C:/ST/STM32CubeIDE_1.13.0/STM32CubeIDE/plugins/com.st.stm32cube.ide.mcu.externaltools.gnu-tools-for-stm32.11.3.rel1.win32_1.1.1.202309131626/tools/bin/../lib/gcc/arm-none-eabi/11.3.1/../../../../arm-none-eabi/lib/thumb/v7e-m+fp/hard\libc_nano.a(libc_a-init.o)
 .debug_frame   0x00000000000040a0       0x28 C:/ST/STM32CubeIDE_1.13.0/STM32CubeIDE/plugins/com.st.stm32cube.ide.mcu.externaltools.gnu-tools-for-stm32.11.3.rel1.win32_1.1.1.202309131626/tools/bin/../lib/gcc/arm-none-eabi/11.3.1/../../../../arm-none-eabi/lib/thumb/v7e-m+fp/hard\libc_nano.a(libc_a-memcpy-stub.o)
 .debug_frame   0x00000000000040c8       0x2c C:/ST/STM32CubeIDE_1.13.0/STM32CubeIDE/plugins/com.st.stm32cube.ide.mcu.externaltools.gnu-tools-for-stm32.11.3.rel1.win32_1.1.1.202309131626/tools/bin/../lib/gcc/arm-none-eabi/11.3.1/thumb/v7e-m+fp/hard\libgcc.a(_aeabi_uldivmod.o)
 .debug_frame   0x00000000000040f4       0x34 C:/ST/STM32CubeIDE_1.13.0/STM32CubeIDE/plugins/com.st.stm32cube.ide.mcu.externaltools.gnu-tools-for-stm32.11.3.rel1.win32_1.1.1.202309131626/tools/bin/../lib/gcc/arm-none-eabi/11.3.1/thumb/v7e-m+fp/hard\libgcc.a(_udivmoddi4.o)

.debug_line_str
                0x0000000000000000       0x57
 .debug_line_str
                0x0000000000000000       0x57 ./Core/Startup/startup_stm32f407vgtx.o
                                         0x6f (size before relaxing)
