../Core/Src/main.c:140:5:main	8	static
../Core/Src/main.c:240:6:SystemClock_Config	88	static
../Core/Src/main.c:287:13:MX_ADC1_Init	24	static
../Core/Src/main.c:339:13:MX_TIM1_Init	32	static
../Core/Src/main.c:385:13:MX_USART2_UART_Init	8	static
../Core/Src/main.c:418:13:MX_GPIO_Init	48	static
../Core/Src/main.c:493:6:StartTask1	16	static
../Core/Src/main.c:511:6:StartTask02	16	static
../Core/Src/main.c:529:6:StartTaskDHT11	80	static
../Core/Src/main.c:569:6:StartTaskHC	56	static
../Core/Src/main.c:609:6:StartTaskRainSensor	48	static
../Core/Src/main.c:637:6:StartTaskLED	24	static
../Core/Src/main.c:668:6:Error_Handler	4	static,ignoring_inline_asm
