../Core/Src/main.c:129:5:main	8	static
../Core/Src/main.c:158:6:SystemClock_Config	88	static
../Core/Src/main.c:205:13:MX_ADC1_Init	24	static
../Core/Src/main.c:240:13:MX_TIM1_Init	32	static
../Core/Src/main.c:331:13:MX_USART2_UART_Init	8	static
../Core/Src/main.c:364:13:MX_GPIO_Init	48	static
../Core/Src/main.c:444:6:StartTaskDHT11	80	static
../Core/Src/main.c:484:6:StartTaskHC	56	static
../Core/Src/main.c:522:6:StartTaskRainSensor	48	static
../Core/Src/main.c:541:6:StartTaskLED	24	static
../Core/Src/main.c:569:6:Error_Handler	4	static,ignoring_inline_asm
