../Core/Src/main.c:114:5:main	8	static
../Core/Src/main.c:206:6:SystemClock_Config	88	static
../Core/Src/main.c:253:13:MX_ADC1_Init	24	static
../Core/Src/main.c:305:13:MX_TIM1_Init	32	static
../Core/Src/main.c:351:13:MX_TIM2_Init	32	static
../Core/Src/main.c:396:13:MX_USART2_UART_Init	8	static
../Core/Src/main.c:429:13:MX_GPIO_Init	48	static
../Core/Src/main.c:503:6:StartTaskDHT11	80	static
../Core/Src/main.c:535:6:StartTaskHC	56	static
../Core/Src/main.c:572:6:StartTaskRainSensor	16	static
../Core/Src/main.c:589:6:Error_Handler	4	static,ignoring_inline_asm
