20:51:17 **** Incremental Build of configuration Debug for project FreeRTOS_project ****
make -j8 all 
arm-none-eabi-gcc "../Core/Src/main.c" -mcpu=cortex-m4 -std=gnu11 -g3 -DDEBUG -DUSE_HAL_DRIVER -DSTM32F407xx -c -I../Core/Inc -I../Drivers/STM32F4xx_HAL_Driver/Inc -I../Drivers/STM32F4xx_HAL_Driver/Inc/Legacy -I../Drivers/CMSIS/Device/ST/STM32F4xx/Include -I../Drivers/CMSIS/Include -I../Middlewares/Third_Party/FreeRTOS/Source/include -I../Middlewares/Third_Party/FreeRTOS/Source/CMSIS_RTOS_V2 -I../Middlewares/Third_Party/FreeRTOS/Source/portable/GCC/ARM_CM4F -O0 -ffunction-sections -fdata-sections -Wall -fstack-usage -fcyclomatic-complexity -MMD -MP -MF"Core/Src/main.d" -MT"Core/Src/main.o" --specs=nano.specs -mfpu=fpv4-sp-d16 -mfloat-abi=hard -mthumb -o "Core/Src/main.o"
arm-none-eabi-gcc -o "FreeRTOS_project.elf" @"objects.list"   -mcpu=cortex-m4 -T"D:\STM32F4x\project\FreeRTOS_project\STM32F407VGTX_FLASH.ld" --specs=nosys.specs -Wl,-Map="FreeRTOS_project.map" -Wl,--gc-sections -static --specs=nano.specs -mfpu=fpv4-sp-d16 -mfloat-abi=hard -mthumb -Wl,--start-group -lc -lm -Wl,--end-group
Finished building target: FreeRTOS_project.elf
 
arm-none-eabi-size   FreeRTOS_project.elf 
arm-none-eabi-objdump -h -S  FreeRTOS_project.elf  > "FreeRTOS_project.list"
   text	   data	    bss	    dec	    hex	filename
  33640	    104	  20992	  54736	   d5d0	FreeRTOS_project.elf
Finished building: default.size.stdout
 
Finished building: FreeRTOS_project.list
 
20:51:24 **** Incremental Build of configuration Debug for project FreeRTOS_project ****
make -j8 all 
arm-none-eabi-size   FreeRTOS_project.elf 
   text	   data	    bss	    dec	    hex	filename
  33640	    104	  20992	  54736	   d5d0	FreeRTOS_project.elf
Finished building: default.size.stdout
 
