16:53:22 **** Incremental Build of configuration Debug for project hcsr04 ****
make -j8 all 
arm-none-eabi-gcc "../Core/Src/main.c" -mcpu=cortex-m4 -std=gnu11 -g3 -DDEBUG -DUSE_HAL_DRIVER -DSTM32F407xx -c -I../Core/Inc -I../Drivers/STM32F4xx_HAL_Driver/Inc -I../Drivers/STM32F4xx_HAL_Driver/Inc/Legacy -I../Drivers/CMSIS/Device/ST/STM32F4xx/Include -I../Drivers/CMSIS/Include -O0 -ffunction-sections -fdata-sections -Wall -fstack-usage -fcyclomatic-complexity -MMD -MP -MF"Core/Src/main.d" -MT"Core/Src/main.o" --specs=nano.specs -mfpu=fpv4-sp-d16 -mfloat-abi=hard -mthumb -o "Core/Src/main.o"
arm-none-eabi-gcc -o "hcsr04.elf" @"objects.list"   -mcpu=cortex-m4 -T"D:\STM32F4x\project\hcsr04\STM32F407VGTX_FLASH.ld" --specs=nosys.specs -Wl,-Map="hcsr04.map" -Wl,--gc-sections -static --specs=nano.specs -mfpu=fpv4-sp-d16 -mfloat-abi=hard -mthumb -Wl,--start-group -lc -lm -Wl,--end-group
Finished building target: hcsr04.elf
 
arm-none-eabi-size   hcsr04.elf 
arm-none-eabi-objdump -h -S  hcsr04.elf  > "hcsr04.list"
   text	   data	    bss	    dec	    hex	filename
  10028	     20	   1660	  11708	   2dbc	hcsr04.elf
Finished building: default.size.stdout
 
Finished building: hcsr04.list
 

16:53:23 Build Finished. 0 errors, 0 warnings. (took 962ms)

