09:28:13 **** Incremental Build of configuration Debug for project project_rtos ****
make -j8 all 
arm-none-eabi-gcc "../Core/Src/main.c" -mcpu=cortex-m4 -std=gnu11 -g3 -DDEBUG -DUSE_HAL_DRIVER -DSTM32F407xx -c -I../Core/Inc -I"D:/STM32F4x/stm32_workspace/project_rtos/Middlewares/Third_Party/SEGGER/Config" -I"D:/STM32F4x/stm32_workspace/project_rtos/Middlewares/Third_Party/SEGGER/OS" -I"D:/STM32F4x/stm32_workspace/project_rtos/Middlewares/Third_Party/SEGGER/SEGGER" -I../Drivers/STM32F4xx_HAL_Driver/Inc -I../Drivers/STM32F4xx_HAL_Driver/Inc/Legacy -I../Drivers/CMSIS/Device/ST/STM32F4xx/Include -I../Drivers/CMSIS/Include -I../Middlewares/Third_Party/FreeRTOS/Source/include -I../Middlewares/Third_Party/FreeRTOS/Source/CMSIS_RTOS_V2 -I../Middlewares/Third_Party/FreeRTOS/Source/portable/GCC/ARM_CM4F -O0 -ffunction-sections -fdata-sections -Wall -fstack-usage -fcyclomatic-complexity -MMD -MP -MF"Core/Src/main.d" -MT"Core/Src/main.o" --specs=nano.specs -mfpu=fpv4-sp-d16 -mfloat-abi=hard -mthumb -o "Core/Src/main.o"
../Core/Src/main.c: In function 'main':
../Core/Src/main.c:171:3: warning: implicit declaration of function 'vSetVarulMaxPRIGROUPValue' [-Wimplicit-function-declaration]
  171 |   vSetVarulMaxPRIGROUPValue();
      |   ^~~~~~~~~~~~~~~~~~~~~~~~~
arm-none-eabi-gcc -o "project_rtos.elf" @"objects.list"   -mcpu=cortex-m4 -T"D:\STM32F4x\stm32_workspace\project_rtos\STM32F407VGTX_FLASH.ld" --specs=nosys.specs -Wl,-Map="project_rtos.map" -Wl,--gc-sections -static --specs=nano.specs -mfpu=fpv4-sp-d16 -mfloat-abi=hard -mthumb -Wl,--start-group -lc -lm -Wl,--end-group
Finished building target: project_rtos.elf
 
arm-none-eabi-size   project_rtos.elf 
arm-none-eabi-objdump -h -S  project_rtos.elf  > "project_rtos.list"
   text	   data	    bss	    dec	    hex	filename
  38304	    104	  30784	  69192	  10e48	project_rtos.elf
Finished building: default.size.stdout
 
Finished building: project_rtos.list
 
09:28:48 **** Incremental Build of configuration Debug for project project_rtos ****
make -j8 all 
arm-none-eabi-size   project_rtos.elf 
   text	   data	    bss	    dec	    hex	filename
  38304	    104	  30784	  69192	  10e48	project_rtos.elf
Finished building: default.size.stdout
 
09:31:49 **** Incremental Build of configuration Debug for project project_rtos ****
make -j8 all 
arm-none-eabi-size   project_rtos.elf 
   text	   data	    bss	    dec	    hex	filename
  38304	    104	  30784	  69192	  10e48	project_rtos.elf
Finished building: default.size.stdout
 
10:37:27 **** Incremental Build of configuration Debug for project project_rtos ****
make -j8 all 
arm-none-eabi-size   project_rtos.elf 
   text	   data	    bss	    dec	    hex	filename
  38304	    104	  30784	  69192	  10e48	project_rtos.elf
Finished building: default.size.stdout
 
10:42:38 **** Incremental Build of configuration Debug for project project_rtos ****
make -j8 all 
arm-none-eabi-size   project_rtos.elf 
   text	   data	    bss	    dec	    hex	filename
  38304	    104	  30784	  69192	  10e48	project_rtos.elf
Finished building: default.size.stdout
 
