../Core/Src/main.c:117:5:main	16	static
../Core/Src/main.c:150:6:SystemClock_Config	88	static
../Core/Src/main.c:197:13:MX_ADC1_Init	24	static
../Core/Src/main.c:232:13:MX_TIM1_Init	32	static
../Core/Src/main.c:283:13:MX_USART2_UART_Init	8	static
../Core/Src/main.c:316:13:MX_GPIO_Init	48	static
../Core/Src/main.c:394:6:dht_Task	56	static
../Core/Src/main.c:414:6:distance_Task	48	static
../Core/Src/main.c:444:6:rain_Task	24	static
../Core/Src/main.c:462:6:led_Task	88	static
../Core/Src/main.c:494:6:Error_Handler	4	static,ignoring_inline_asm
