19:44:48 **** Incremental Build of configuration Debug for project FloodWarningSystem_project ****
make -j8 all 
arm-none-eabi-gcc "../Core/Src/main.c" -mcpu=cortex-m4 -std=gnu11 -g3 -DDEBUG -DUSE_HAL_DRIVER -DSTM32F407xx -c -I../Core/Inc -I../Drivers/STM32F4xx_HAL_Driver/Inc -I../Drivers/STM32F4xx_HAL_Driver/Inc/Legacy -I../Drivers/CMSIS/Device/ST/STM32F4xx/Include -I../Drivers/CMSIS/Include -I../Middlewares/Third_Party/FreeRTOS/Source/include -I../Middlewares/Third_Party/FreeRTOS/Source/CMSIS_RTOS_V2 -I../Middlewares/Third_Party/FreeRTOS/Source/portable/GCC/ARM_CM4F -O0 -ffunction-sections -fdata-sections -Wall -fstack-usage -fcyclomatic-complexity -MMD -MP -MF"Core/Src/main.d" -MT"Core/Src/main.o" --specs=nano.specs -mfpu=fpv4-sp-d16 -mfloat-abi=hard -mthumb -o "Core/Src/main.o"
arm-none-eabi-gcc -o "FloodWarningSystem_project.elf" @"objects.list"   -mcpu=cortex-m4 -T"D:\stm32-project\FloodWarningSystem_project\STM32F407VGTX_FLASH.ld" --specs=nosys.specs -Wl,-Map="FloodWarningSystem_project.map" -Wl,--gc-sections -static --specs=nano.specs -mfpu=fpv4-sp-d16 -mfloat-abi=hard -mthumb -Wl,--start-group -lc -lm -Wl,--end-group
C:/ST/STM32CubeIDE_1.16.0/STM32CubeIDE/plugins/com.st.stm32cube.ide.mcu.externaltools.gnu-tools-for-stm32.12.3.rel1.win32_1.0.200.202406191623/tools/bin/../lib/gcc/arm-none-eabi/12.3.1/../../../../arm-none-eabi/bin/ld.exe: warning: FloodWarningSystem_project.elf has a LOAD segment with RWX permissions
Finished building target: FloodWarningSystem_project.elf
 
arm-none-eabi-size  FloodWarningSystem_project.elf 
arm-none-eabi-objdump -h -S FloodWarningSystem_project.elf  > "FloodWarningSystem_project.list"
   text	   data	    bss	    dec	    hex	filename
  32712	    104	  20904	  53720	   d1d8	FloodWarningSystem_project.elf
Finished building: default.size.stdout
 
Finished building: FloodWarningSystem_project.list
 

19:44:49 Build Finished. 0 errors, 1 warnings. (took 1s.337ms)

